Archive member included to satisfy reference by file (symbol)

app/libapp.a(main.c.obj)      (--whole-archive)
zephyr/libzephyr.a(cbprintf_packaged.c.obj)
                              (--whole-archive)
zephyr/libzephyr.a(dec.c.obj)
                              (--whole-archive)
zephyr/libzephyr.a(fdtable.c.obj)
                              (--whole-archive)
zephyr/libzephyr.a(hex.c.obj)
                              (--whole-archive)
zephyr/libzephyr.a(printk.c.obj)
                              (--whole-archive)
zephyr/libzephyr.a(rb.c.obj)  (--whole-archive)
zephyr/libzephyr.a(sem.c.obj)
                              (--whole-archive)
zephyr/libzephyr.a(thread_entry.c.obj)
                              (--whole-archive)
zephyr/libzephyr.a(timeutil.c.obj)
                              (--whole-archive)
zephyr/libzephyr.a(heap.c.obj)
                              (--whole-archive)
zephyr/libzephyr.a(heap-validate.c.obj)
                              (--whole-archive)
zephyr/libzephyr.a(bitarray.c.obj)
                              (--whole-archive)
zephyr/libzephyr.a(multi_heap.c.obj)
                              (--whole-archive)
zephyr/libzephyr.a(onoff.c.obj)
                              (--whole-archive)
zephyr/libzephyr.a(notify.c.obj)
                              (--whole-archive)
zephyr/libzephyr.a(crc32c_sw.c.obj)
                              (--whole-archive)
zephyr/libzephyr.a(crc32_sw.c.obj)
                              (--whole-archive)
zephyr/libzephyr.a(crc16_sw.c.obj)
                              (--whole-archive)
zephyr/libzephyr.a(crc8_sw.c.obj)
                              (--whole-archive)
zephyr/libzephyr.a(crc7_sw.c.obj)
                              (--whole-archive)
zephyr/libzephyr.a(cbprintf_complete.c.obj)
                              (--whole-archive)
zephyr/libzephyr.a(cbprintf.c.obj)
                              (--whole-archive)
zephyr/libzephyr.a(assert.c.obj)
                              (--whole-archive)
zephyr/libzephyr.a(mpsc_pbuf.c.obj)
                              (--whole-archive)
zephyr/libzephyr.a(configs.c.obj)
                              (--whole-archive)
zephyr/libzephyr.a(soc_nrf_common.S.obj)
                              (--whole-archive)
zephyr/libzephyr.a(validate_base_addresses.c.obj)
                              (--whole-archive)
zephyr/libzephyr.a(validate_enabled_instances.c.obj)
                              (--whole-archive)
zephyr/libzephyr.a(log_core.c.obj)
                              (--whole-archive)
zephyr/libzephyr.a(log_mgmt.c.obj)
                              (--whole-archive)
zephyr/libzephyr.a(log_cache.c.obj)
                              (--whole-archive)
zephyr/libzephyr.a(log_msg.c.obj)
                              (--whole-archive)
zephyr/libzephyr.a(log_output.c.obj)
                              (--whole-archive)
zephyr/libzephyr.a(log_backend_uart.c.obj)
                              (--whole-archive)
zephyr/libzephyr.a(dis.c.obj)
                              (--whole-archive)
zephyr/libzephyr.a(nvs.c.obj)
                              (--whole-archive)
zephyr/libzephyr.a(addr_utils.c.obj)
                              (--whole-archive)
zephyr/libzephyr.a(flash_map.c.obj)
                              (--whole-archive)
zephyr/libzephyr.a(flash_map_default.c.obj)
                              (--whole-archive)
zephyr/libzephyr.a(flash_map_layout.c.obj)
                              (--whole-archive)
zephyr/libzephyr.a(settings_store.c.obj)
                              (--whole-archive)
zephyr/libzephyr.a(settings.c.obj)
                              (--whole-archive)
zephyr/libzephyr.a(settings_init.c.obj)
                              (--whole-archive)
zephyr/libzephyr.a(settings_line.c.obj)
                              (--whole-archive)
zephyr/libzephyr.a(settings_nvs.c.obj)
                              (--whole-archive)
zephyr/libzephyr.a(pm.c.obj)  (--whole-archive)
zephyr/libzephyr.a(policy.c.obj)
                              (--whole-archive)
zephyr/libzephyr.a(state.c.obj)
                              (--whole-archive)
zephyr/libzephyr.a(tracing_none.c.obj)
                              (--whole-archive)
zephyr/libzephyr.a(utils.c.obj)
                              (--whole-archive)
zephyr/libzephyr.a(ecc_dh.c.obj)
                              (--whole-archive)
zephyr/libzephyr.a(ecc.c.obj)
                              (--whole-archive)
zephyr/libzephyr.a(aes_decrypt.c.obj)
                              (--whole-archive)
zephyr/libzephyr.a(aes_encrypt.c.obj)
                              (--whole-archive)
zephyr/libzephyr.a(cmac_mode.c.obj)
                              (--whole-archive)
zephyr/arch/common/libarch__common.a(sw_isr_common.c.obj)
                              (--whole-archive)
zephyr/arch/arch/arm/core/aarch32/libarch__arm__core__aarch32.a(cpu_idle.S.obj)
                              (--whole-archive)
zephyr/arch/arch/arm/core/aarch32/libarch__arm__core__aarch32.a(fatal.c.obj)
[...]
Memory Configuration

Name             Origin             Length             Attributes
FLASH            0x0000000000010000 0x00000000000e8000 xr
RAM              0x0000000020000000 0x0000000000040000 xw
IDT_LIST         0x00000000fffff7ff 0x0000000000000800 xw
*default*        0x0000000000000000 0xffffffffffffffff

Linker script and memory map

LOAD zephyr/CMakeFiles/zephyr_final.dir/misc/empty_file.c.obj
LOAD zephyr/CMakeFiles/zephyr_final.dir/dev_handles.c.obj
LOAD zephyr/CMakeFiles/zephyr_final.dir/isr_tables.c.obj
LOAD zephyr/CMakeFiles/offsets.dir/./arch/arm/core/offsets/offsets.c.obj
                0x0000000000000020                _region_min_align = 0x20

.rel.plt        0x0000000000010000        0x0
 *(SORT_BY_ALIGNMENT(.rel.plt))
                [!provide]                        PROVIDE (__rel_iplt_start = .)
 *(SORT_BY_ALIGNMENT(.rel.iplt))
 .rel.iplt      0x0000000000010000        0x0 zephyr/CMakeFiles/zephyr_final.dir/isr_tables.c.obj
                [!provide]                        PROVIDE (__rel_iplt_end = .)

.rela.plt       0x0000000000000000        0x0
 *(SORT_BY_ALIGNMENT(.rela.plt))
                [!provide]                        PROVIDE (__rela_iplt_start = .)
 *(SORT_BY_ALIGNMENT(.rela.iplt))
                [!provide]                        PROVIDE (__rela_iplt_end = .)

.rel.dyn
 *(SORT_BY_ALIGNMENT(.rel.*))

.rela.dyn
 *(SORT_BY_ALIGNMENT(.rela.*))

/DISCARD/
 *(SORT_BY_ALIGNMENT(.plt))

/DISCARD/
 *(SORT_BY_ALIGNMENT(.iplt))
                0x0000000000010000                __rom_region_start = 0x10000

rom_start       0x0000000000010000      0x100
                0x0000000000000000                . = 0x0
                0x0000000000000000                . = ALIGN (0x4)
                0x0000000000000000                . = ALIGN (0x80)
                0x0000000000000000                . = ALIGN (0x100)
                0x0000000000010000                _vector_start = .
 *(SORT_BY_ALIGNMENT(.exc_vector_table))
 *(SORT_BY_ALIGNMENT(.exc_vector_table.*))
 .exc_vector_table._vector_table_section
                0x0000000000010000       0x40 zephyr/arch/arch/arm/core/aarch32/cortex_m/libarch__arm__core__aarch32__cortex_m.a(vector_table.S.obj)
                0x0000000000010000                _vector_table
 *(SORT_BY_ALIGNMENT(.vectors))
                0x0000000000010100                _vector_end = .
                0x0000000000010040                . = ALIGN (0x4)
 *(SORT_BY_ALIGNMENT(.gnu.linkonce.irq_vector_table*))
 .gnu.linkonce.irq_vector_table
                0x0000000000010040       0xc0 zephyr/CMakeFiles/zephyr_final.dir/isr_tables.c.obj
                0x0000000000010040                _irq_vector_table
                0x0000000000010100                _vector_end = .

text            0x0000000000010100    0x29000
                0x0000000000010100                __text_region_start = .
 *(SORT_BY_ALIGNMENT(.text))
 .text          0x0000000000010100       0xa0 /home/michal/zephyr-sdk-0.15.0/arm-zephyr-eabi/bin/../lib/gcc/arm-zephyr-eabi/12.1.0/thumb/v7e-m/nofp/libgcc.a(_aeabi_ldivmod.o)
                0x0000000000010100                __aeabi_ldivmod
 .text          0x00000000000101a0       0x30 /home/michal/zephyr-sdk-0.15.0/arm-zephyr-eabi/bin/../lib/gcc/arm-zephyr-eabi/12.1.0/thumb/v7e-m/nofp/libgcc.a(_aeabi_uldivmod.o)
                0x00000000000101a0                __aeabi_uldivmod
 .text          0x00000000000101d0        0x4 /home/michal/zephyr-sdk-0.15.0/arm-zephyr-eabi/bin/../lib/gcc/arm-zephyr-eabi/12.1.0/thumb/v7e-m/nofp/libgcc.a(_dvmd_tls.o)
                0x00000000000101d0                __aeabi_ldiv0
                0x00000000000101d0                __aeabi_idiv0
 .text          0x00000000000101d4      0x2a0 /home/michal/zephyr-sdk-0.15.0/arm-zephyr-eabi/bin/../lib/gcc/arm-zephyr-eabi/12.1.0/thumb/v7e-m/nofp/libgcc.a(_udivmoddi4.o)
                0x00000000000101d4                __udivmoddi4
 *(SORT_BY_ALIGNMENT(.text.*))
 *fill*         0x0000000000010474        0x4 
 .text.bt_init  0x0000000000010478      0x5d4 zephyr/subsys/bluetooth/host/libsubsys__bluetooth__host.a(hci_core.c.obj)
 *fill*         0x0000000000010a4c        0x4 
 .text.ull_drift_ticks_get
                0x0000000000010a50       0x94 zephyr/subsys/bluetooth/controller/libsubsys__bluetooth__controller.a(ull.c.obj)
                0x0000000000010a50                ull_drift_ticks_get
 *fill*         0x0000000000010ae4        0x4 
 .text.ll_adv_enable
                0x0000000000010ae8      0x354 zephyr/subsys/bluetooth/controller/libsubsys__bluetooth__controller.a(ull_adv.c.obj)
                0x0000000000010ae8                ll_adv_enable
 *fill*         0x0000000000010e3c        0x4 
 .text.ull_adv_time_update
                0x0000000000010e40       0xb0 zephyr/subsys/bluetooth/controller/libsubsys__bluetooth__controller.a(ull_adv.c.obj)
                0x0000000000010e40                ull_adv_time_update
 .text.ull_conn_update_ticker.constprop.0
                0x0000000000010ef0      0x12c zephyr/subsys/bluetooth/controller/libsubsys__bluetooth__controller.a(ull_conn.c.obj)
 *fill*         0x000000000001101c        0x4 
 .text.ull_conn_update_parameters
                0x0000000000011020      0x204 zephyr/subsys/bluetooth/controller/libsubsys__bluetooth__controller.a(ull_conn.c.obj)
                0x0000000000011020                ull_conn_update_parameters
 *fill*         0x0000000000011224        0x4 
 .text.ull_periph_setup
                0x0000000000011228      0x464 zephyr/subsys/bluetooth/controller/libsubsys__bluetooth__controller.a(ull_peripheral.c.obj)
                0x0000000000011228                ull_periph_setup
 *fill*         0x000000000001168c        0x4 
 .text.lll_preempt_calc
                0x0000000000011690       0x80 zephyr/subsys/bluetooth/controller/libsubsys__bluetooth__controller.a(lll.c.obj)
                0x0000000000011690                lll_preempt_calc
 .text.nrf_flash_sync_exe
                0x0000000000011710       0xf8 zephyr/drivers/flash/libdrivers__flash.a(soc_flash_nrf_ticker.c.obj)
                0x0000000000011710                nrf_flash_sync_exe
 .text.nrf_flash_sync_check_time_limit
                0x0000000000011808       0x48 zephyr/drivers/flash/libdrivers__flash.a(soc_flash_nrf_ticker.c.obj)
                0x0000000000011808                nrf_flash_sync_check_time_limit
 .text.mtu_updated
                0x0000000000011850        0xc app/libapp.a(main.c.obj)
                0x0000000000011850                mtu_updated
 .text.disconnected
                0x000000000001185c        0xc app/libapp.a(main.c.obj)
 .text.connected
                0x0000000000011868       0x18 app/libapp.a(main.c.obj)
 .text.bt_addr_le_to_str.constprop.0.isra.0
                0x0000000000011880       0x78 app/libapp.a(main.c.obj)
 .text.auth_cancel
                0x00000000000118f8       0x20 app/libapp.a(main.c.obj)
 .text.auth_passkey_display
                0x0000000000011918       0x24 app/libapp.a(main.c.obj)
 .text.main     0x000000000001193c      0x1b4 app/libapp.a(main.c.obj)
                0x000000000001193c                main
 .text.cbvprintf_package
                0x0000000000011af0      0x3ac zephyr/libzephyr.a(cbprintf_packaged.c.obj)
                0x0000000000011af0                cbvprintf_package
 .text.cbprintf_package_convert
                0x0000000000011e9c      0x3c4 zephyr/libzephyr.a(cbprintf_packaged.c.obj)
                0x0000000000011e9c                cbprintf_package_convert
 .text.__printk_hook_install
                0x0000000000012260        0xc zephyr/libzephyr.a(printk.c.obj)
                0x0000000000012260                __printk_hook_install
 .text.vsnprintk
                0x000000000001226c       0x2c zephyr/libzephyr.a(printk.c.obj)
                0x000000000001226c                vsnprintk
 .text.process_event
                0x0000000000012298      0x21c zephyr/libzephyr.a(onoff.c.obj)
 .text.crc8_ccitt
                0x00000000000124b4       0x2c zephyr/libzephyr.a(crc8_sw.c.obj)
                0x00000000000124b4                crc8_ccitt
 .text.z_cbvprintf_impl
                0x00000000000124e0      0x764 zephyr/libzephyr.a(cbprintf_complete.c.obj)
                0x00000000000124e0                z_cbvprintf_impl
 .text.z_arm_platform_init
                0x0000000000012c44        0x4 zephyr/libzephyr.a(soc_nrf_common.S.obj)
                0x0000000000012c44                z_arm_platform_init
 .text.activate_foreach_backend
                0x0000000000012c48       0x64 zephyr/libzephyr.a(log_core.c.obj)
 .text.enable_logger
                0x0000000000012cac       0x5c zephyr/libzephyr.a(log_core.c.obj)
 .text.log_process_thread_timer_expiry_fn
                0x0000000000012d08        0xc zephyr/libzephyr.a(log_core.c.obj)
 .text.z_log_init
                0x0000000000012d14       0x90 zephyr/libzephyr.a(log_core.c.obj)
 .text.log_format_func_t_get
                0x0000000000012da4        0xc zephyr/libzephyr.a(log_core.c.obj)
                0x0000000000012da4                log_format_func_t_get
 .text.log_set_timestamp_func
                0x0000000000012db0       0x20 zephyr/libzephyr.a(log_core.c.obj)
                0x0000000000012db0                log_set_timestamp_func
 .text.z_log_notify_backend_enabled
                0x0000000000012dd0       0x1c zephyr/libzephyr.a(log_core.c.obj)
                0x0000000000012dd0                z_log_notify_backend_enabled
 .text.z_log_dropped
                0x0000000000012dec       0x30 zephyr/libzephyr.a(log_core.c.obj)
                0x0000000000012dec                z_log_dropped
 .text.z_log_dropped_read_and_clear
                0x0000000000012e1c       0x20 zephyr/libzephyr.a(log_core.c.obj)
                0x0000000000012e1c                z_log_dropped_read_and_clear
 .text.dropped_notify
                0x0000000000012e3c       0x30 zephyr/libzephyr.a(log_core.c.obj)
                0x0000000000012e3c                dropped_notify
 .text.z_log_msg_init
                0x0000000000012e6c       0x20 zephyr/libzephyr.a(log_core.c.obj)
                0x0000000000012e6c                z_log_msg_init
 .text.log_core_init
                0x0000000000012e8c       0x34 zephyr/libzephyr.a(log_core.c.obj)
                0x0000000000012e8c                log_core_init
 .text.z_log_msg_alloc
                0x0000000000012ec0       0x10 zephyr/libzephyr.a(log_core.c.obj)
                0x0000000000012ec0                z_log_msg_alloc
 .text.z_log_msg_local_claim
                0x0000000000012ed0        0xc zephyr/libzephyr.a(log_core.c.obj)
                0x0000000000012ed0                z_log_msg_local_claim
 .text.z_log_msg_free
                0x0000000000012edc       0x10 zephyr/libzephyr.a(log_core.c.obj)
                0x0000000000012edc                z_log_msg_free
 .text.z_log_msg_pending
                0x0000000000012eec        0xc zephyr/libzephyr.a(log_core.c.obj)
                0x0000000000012eec                z_log_msg_pending
 .text.z_impl_log_process
                0x0000000000012ef8       0xbc zephyr/libzephyr.a(log_core.c.obj)
                0x0000000000012ef8                z_impl_log_process
 .text.z_impl_log_panic
                0x0000000000012fb4       0x44 zephyr/libzephyr.a(log_core.c.obj)
                0x0000000000012fb4                z_impl_log_panic
 .text.log_process_thread_func
                0x0000000000012ff8       0x9c zephyr/libzephyr.a(log_core.c.obj)
 .text.z_log_msg_post_finalize
                0x0000000000013094       0x78 zephyr/libzephyr.a(log_core.c.obj)
 .text.z_log_msg_commit
                0x000000000001310c       0x24 zephyr/libzephyr.a(log_core.c.obj)
                0x000000000001310c                z_log_msg_commit
 .text.log_source_name_get
                0x0000000000013130       0x1c zephyr/libzephyr.a(log_mgmt.c.obj)
                0x0000000000013130                log_source_name_get
 .text.log_backend_enable
                0x000000000001314c       0x28 zephyr/libzephyr.a(log_mgmt.c.obj)
                0x000000000001314c                log_backend_enable
 .text.z_impl_z_log_msg_static_create
                0x0000000000013174       0xa8 zephyr/libzephyr.a(log_msg.c.obj)
                0x0000000000013174                z_impl_z_log_msg_static_create
 .text.z_impl_z_log_msg_runtime_vcreate
                0x000000000001321c       0x94 zephyr/libzephyr.a(log_msg.c.obj)
                0x000000000001321c                z_impl_z_log_msg_runtime_vcreate
 .text.print_formatted
                0x00000000000132b0       0x24 zephyr/libzephyr.a(log_output.c.obj)
 .text.newline_print
                0x00000000000132d4       0x1c zephyr/libzephyr.a(log_output.c.obj)
 .text.log_output_process
                0x00000000000132f0      0x2a4 zephyr/libzephyr.a(log_output.c.obj)
                0x00000000000132f0                log_output_process
 .text.log_output_msg_process
                0x0000000000013594       0x6c zephyr/libzephyr.a(log_output.c.obj)
                0x0000000000013594                log_output_msg_process
 .text.log_output_dropped_process
                0x0000000000013600       0x58 zephyr/libzephyr.a(log_output.c.obj)
                0x0000000000013600                log_output_dropped_process
 .text.log_output_timestamp_freq_set
                0x0000000000013658       0x2c zephyr/libzephyr.a(log_output.c.obj)
                0x0000000000013658                log_output_timestamp_freq_set
 .text.format_set
                0x0000000000013684        0xc zephyr/libzephyr.a(log_backend_uart.c.obj)
 .text.panic    0x0000000000013690       0x14 zephyr/libzephyr.a(log_backend_uart.c.obj)
 .text.dropped  0x00000000000136a4        0xc zephyr/libzephyr.a(log_backend_uart.c.obj)
 .text.process  0x00000000000136b0       0x24 zephyr/libzephyr.a(log_backend_uart.c.obj)
 .text.char_out
                0x00000000000136d4       0x24 zephyr/libzephyr.a(log_backend_uart.c.obj)
 .text.read_pnp_id
                0x00000000000136f8       0x1c zephyr/libzephyr.a(dis.c.obj)
 .text.nvs_recover_last_ate
                0x0000000000013714       0x64 zephyr/libzephyr.a(nvs.c.obj)
 .text.nvs_mount
                0x0000000000013778      0x400 zephyr/libzephyr.a(nvs.c.obj)
                0x0000000000013778                nvs_mount
 .text.nvs_write
                0x0000000000013b78      0x1d0 zephyr/libzephyr.a(nvs.c.obj)
                0x0000000000013b78                nvs_write
 .text.nvs_read_hist
                0x0000000000013d48       0xec zephyr/libzephyr.a(nvs.c.obj)
                0x0000000000013d48                nvs_read_hist
 .text.flash_area_open
                0x0000000000013e34       0x50 zephyr/libzephyr.a(flash_map.c.obj)
                0x0000000000013e34                flash_area_open
 .text.flash_area_get_sectors
                0x0000000000013e84       0x60 zephyr/libzephyr.a(flash_map_layout.c.obj)
                0x0000000000013e84                flash_area_get_sectors
 .text.settings_save_one
                0x0000000000013ee4       0x4c zephyr/libzephyr.a(settings_store.c.obj)
                0x0000000000013ee4                settings_save_one
 .text.settings_src_register
                0x0000000000013f30       0x1c zephyr/libzephyr.a(settings_store.c.obj)
                0x0000000000013f30                settings_src_register
 .text.settings_dst_register
                0x0000000000013f4c        0xc zephyr/libzephyr.a(settings_store.c.obj)
                0x0000000000013f4c                settings_dst_register
 .text.settings_load_subtree
                0x0000000000013f58       0x4c zephyr/libzephyr.a(settings_store.c.obj)
                0x0000000000013f58                settings_load_subtree
 .text.settings_load_subtree_direct
                0x0000000000013fa4       0x40 zephyr/libzephyr.a(settings_store.c.obj)
                0x0000000000013fa4                settings_load_subtree_direct
 .text.settings_store_init
                0x0000000000013fe4       0x10 zephyr/libzephyr.a(settings_store.c.obj)
                0x0000000000013fe4                settings_store_init
 .text.settings_init
                0x0000000000013ff4       0x10 zephyr/libzephyr.a(settings.c.obj)
                0x0000000000013ff4                settings_init
 .text.settings_parse_and_lookup
                0x0000000000014004       0x98 zephyr/libzephyr.a(settings.c.obj)
                0x0000000000014004                settings_parse_and_lookup
 .text.settings_call_set_handler
                0x000000000001409c       0xac zephyr/libzephyr.a(settings.c.obj)
                0x000000000001409c                settings_call_set_handler
 .text.settings_commit_subtree
                0x0000000000014148       0x70 zephyr/libzephyr.a(settings.c.obj)
                0x0000000000014148                settings_commit_subtree
 .text.settings_subsys_init
                0x00000000000141b8       0x24 zephyr/libzephyr.a(settings_init.c.obj)
                0x00000000000141b8                settings_subsys_init
 .text.settings_nvs_load
                0x00000000000141dc       0xbc zephyr/libzephyr.a(settings_nvs.c.obj)
 .text.settings_backend_init
                0x0000000000014298       0x84 zephyr/libzephyr.a(settings_nvs.c.obj)
                0x0000000000014298                settings_backend_init
 .text.pm_state_notify
                0x000000000001431c       0x5c zephyr/libzephyr.a(pm.c.obj)
 .text.pm_system_resume
                0x0000000000014378       0x78 zephyr/libzephyr.a(pm.c.obj)
                0x0000000000014378                pm_system_resume
 .text.pm_system_suspend
                0x00000000000143f0       0xf8 zephyr/libzephyr.a(pm.c.obj)
                0x00000000000143f0                pm_system_suspend
 .text.pm_policy_next_state
                0x00000000000144e8       0x94 zephyr/libzephyr.a(policy.c.obj)
                0x00000000000144e8                pm_policy_next_state
 .text.pm_state_cpu_get_all
                0x000000000001457c       0x10 zephyr/libzephyr.a(state.c.obj)
                0x000000000001457c                pm_state_cpu_get_all
 .text.uECC_get_rng
                0x000000000001458c        0xc zephyr/libzephyr.a(ecc.c.obj)
                0x000000000001458c                uECC_get_rng
 .text.vli_mmod_fast_secp256r1
                0x0000000000014598      0x184 zephyr/libzephyr.a(ecc.c.obj)
                0x0000000000014598                vli_mmod_fast_secp256r1
 .text.sub_bytes
                0x000000000001471c       0x18 zephyr/libzephyr.a(aes_encrypt.c.obj)
 .text.tc_aes128_set_encrypt_key
                0x0000000000014734       0xa4 zephyr/libzephyr.a(aes_encrypt.c.obj)
                0x0000000000014734                tc_aes128_set_encrypt_key
 .text.z_arm_cpu_idle_init
                0x00000000000147d8        0xc zephyr/arch/arch/arm/core/aarch32/libarch__arm__core__aarch32.a(cpu_idle.S.obj)
                0x00000000000147d8                z_arm_cpu_idle_init
 .text.arch_cpu_idle
                0x00000000000147e4       0x1c zephyr/arch/arch/arm/core/aarch32/libarch__arm__core__aarch32.a(cpu_idle.S.obj)
                0x00000000000147e4                arch_cpu_idle
 .text.arch_cpu_atomic_idle
                0x0000000000014800       0x14 zephyr/arch/arch/arm/core/aarch32/libarch__arm__core__aarch32.a(cpu_idle.S.obj)
                0x0000000000014800                arch_cpu_atomic_idle
 .text.z_arm_fatal_error
                0x0000000000014814       0xdc zephyr/arch/arch/arm/core/aarch32/libarch__arm__core__aarch32.a(fatal.c.obj)
                0x0000000000014814                z_arm_fatal_error
 .text.arch_irq_enable
                0x00000000000148f0       0x1c zephyr/arch/arch/arm/core/aarch32/libarch__arm__core__aarch32.a(irq_manage.c.obj)
                0x00000000000148f0                arch_irq_enable
 .text.arch_irq_disable
                0x000000000001490c       0x28 zephyr/arch/arch/arm/core/aarch32/libarch__arm__core__aarch32.a(irq_manage.c.obj)
                0x000000000001490c                arch_irq_disable
 .text.arch_irq_is_enabled
                0x0000000000014934       0x1c zephyr/arch/arch/arm/core/aarch32/libarch__arm__core__aarch32.a(irq_manage.c.obj)
                0x0000000000014934                arch_irq_is_enabled
 .text.z_arm_irq_priority_set
                0x0000000000014950       0x30 zephyr/arch/arch/arm/core/aarch32/libarch__arm__core__aarch32.a(irq_manage.c.obj)
                0x0000000000014950                z_arm_irq_priority_set
 .text._arch_isr_direct_pm
                0x0000000000014980       0x1c zephyr/arch/arch/arm/core/aarch32/libarch__arm__core__aarch32.a(irq_manage.c.obj)
                0x0000000000014980                _arch_isr_direct_pm
 .text.z_SysNmiOnReset
                0x000000000001499c        0x8 zephyr/arch/arch/arm/core/aarch32/libarch__arm__core__aarch32.a(nmi_on_reset.S.obj)
                0x000000000001499c                z_SysNmiOnReset
 .text.z_arm_prep_c
                0x00000000000149a4       0x48 zephyr/arch/arch/arm/core/aarch32/libarch__arm__core__aarch32.a(prep_c.c.obj)
                0x00000000000149a4                z_arm_prep_c
 .text.arch_swap
                0x00000000000149ec       0x34 zephyr/arch/arch/arm/core/aarch32/libarch__arm__core__aarch32.a(swap.c.obj)
                0x00000000000149ec                arch_swap
 .text.z_arm_pendsv
                0x0000000000014a20       0x54 zephyr/arch/arch/arm/core/aarch32/libarch__arm__core__aarch32.a(swap_helper.S.obj)
                0x0000000000014a20                z_arm_pendsv
 .text.z_arm_svc
                0x0000000000014a74       0x20 zephyr/arch/arch/arm/core/aarch32/libarch__arm__core__aarch32.a(swap_helper.S.obj)
                0x0000000000014a74                z_arm_svc
 .text.arch_new_thread
                0x0000000000014a94       0x38 zephyr/arch/arch/arm/core/aarch32/libarch__arm__core__aarch32.a(thread.c.obj)
                0x0000000000014a94                arch_new_thread
 .text.z_check_thread_stack_fail
                0x0000000000014acc       0x2c zephyr/arch/arch/arm/core/aarch32/libarch__arm__core__aarch32.a(thread.c.obj)
                0x0000000000014acc                z_check_thread_stack_fail
 .text.arch_switch_to_main_thread
                0x0000000000014af8       0x2c zephyr/arch/arch/arm/core/aarch32/libarch__arm__core__aarch32.a(thread.c.obj)
                0x0000000000014af8                arch_switch_to_main_thread
 .text._isr_wrapper
                0x0000000000014b24       0x40 zephyr/arch/arch/arm/core/aarch32/libarch__arm__core__aarch32.a(isr_wrapper.S.obj)
                0x0000000000014b24                _isr_wrapper
 .text._HandlerModeExit
                0x0000000000014b64       0x1c zephyr/arch/arch/arm/core/aarch32/cortex_m/libarch__arm__core__aarch32__cortex_m.a(exc_exit.S.obj)
                0x0000000000014b64                z_arm_exc_exit
                0x0000000000014b64                z_arm_int_exit
 .text.bus_fault.constprop.0
                0x0000000000014b80      0x174 zephyr/arch/arch/arm/core/aarch32/cortex_m/libarch__arm__core__aarch32__cortex_m.a(fault.c.obj)
 .text.usage_fault.constprop.0
                0x0000000000014cf4      0x140 zephyr/arch/arch/arm/core/aarch32/cortex_m/libarch__arm__core__aarch32__cortex_m.a(fault.c.obj)
 .text.mem_manage_fault
                0x0000000000014e34      0x1a4 zephyr/arch/arch/arm/core/aarch32/cortex_m/libarch__arm__core__aarch32__cortex_m.a(fault.c.obj)
 .text.z_arm_fault
                0x0000000000014fd8      0x264 zephyr/arch/arch/arm/core/aarch32/cortex_m/libarch__arm__core__aarch32__cortex_m.a(fault.c.obj)
                0x0000000000014fd8                z_arm_fault
 .text.z_arm_fault_init
                0x000000000001523c       0x10 zephyr/arch/arch/arm/core/aarch32/cortex_m/libarch__arm__core__aarch32__cortex_m.a(fault.c.obj)
                0x000000000001523c                z_arm_fault_init
 .text.__fault  0x000000000001524c       0x14 zephyr/arch/arch/arm/core/aarch32/cortex_m/libarch__arm__core__aarch32__cortex_m.a(fault_s.S.obj)
                0x000000000001524c                z_arm_bus_fault
                0x000000000001524c                z_arm_usage_fault
                0x000000000001524c                z_arm_mpu_fault
                0x000000000001524c                z_arm_exc_spurious
                0x000000000001524c                z_arm_debug_monitor
                0x000000000001524c                z_arm_hard_fault
 .text.z_arm_interrupt_init
                0x0000000000015260       0x18 zephyr/arch/arch/arm/core/aarch32/cortex_m/libarch__arm__core__aarch32__cortex_m.a(irq_init.c.obj)
                0x0000000000015260                z_arm_interrupt_init
 .text._reset_section
                0x0000000000015278       0x30 zephyr/arch/arch/arm/core/aarch32/cortex_m/libarch__arm__core__aarch32__cortex_m.a(reset.S.obj)
                0x0000000000015278                z_arm_reset
                0x0000000000015278                __start
 .text.z_impl_k_thread_abort
                0x00000000000152a8       0x2c zephyr/arch/arch/arm/core/aarch32/cortex_m/libarch__arm__core__aarch32__cortex_m.a(thread_abort.c.obj)
                0x00000000000152a8                z_impl_k_thread_abort
 .text.z_arm_configure_static_mpu_regions
                0x00000000000152d4       0x18 zephyr/arch/arch/arm/core/aarch32/mpu/libarch__arm__core__aarch32__mpu.a(arm_core_mpu.c.obj)
                0x00000000000152d4                z_arm_configure_static_mpu_regions
 .text.z_arm_configure_dynamic_mpu_regions
                0x00000000000152ec       0x20 zephyr/arch/arch/arm/core/aarch32/mpu/libarch__arm__core__aarch32__mpu.a(arm_core_mpu.c.obj)
                0x00000000000152ec                z_arm_configure_dynamic_mpu_regions
 .text.mpu_configure_regions
                0x000000000001530c       0xdc zephyr/arch/arch/arm/core/aarch32/mpu/libarch__arm__core__aarch32__mpu.a(arm_mpu.c.obj)
 .text.arm_core_mpu_enable
                0x00000000000153e8       0x18 zephyr/arch/arch/arm/core/aarch32/mpu/libarch__arm__core__aarch32__mpu.a(arm_mpu.c.obj)
                0x00000000000153e8                arm_core_mpu_enable
 .text.arm_core_mpu_disable
                0x0000000000015400       0x14 zephyr/arch/arch/arm/core/aarch32/mpu/libarch__arm__core__aarch32__mpu.a(arm_mpu.c.obj)
                0x0000000000015400                arm_core_mpu_disable
 .text.arm_core_mpu_configure_static_mpu_regions
                0x0000000000015414       0x14 zephyr/arch/arch/arm/core/aarch32/mpu/libarch__arm__core__aarch32__mpu.a(arm_mpu.c.obj)
                0x0000000000015414                arm_core_mpu_configure_static_mpu_regions
 .text.arm_core_mpu_configure_dynamic_mpu_regions
                0x0000000000015428       0x30 zephyr/arch/arch/arm/core/aarch32/mpu/libarch__arm__core__aarch32__mpu.a(arm_mpu.c.obj)
                0x0000000000015428                arm_core_mpu_configure_dynamic_mpu_regions
 .text.z_arm_mpu_init
                0x0000000000015458       0x60 zephyr/arch/arch/arm/core/aarch32/mpu/libarch__arm__core__aarch32__mpu.a(arm_mpu.c.obj)
                0x0000000000015458                z_arm_mpu_init
 .text.__stdout_hook_install
                0x00000000000154b8        0xc zephyr/lib/libc/minimal/liblib__libc__minimal.a(stdout_console.c.obj)
                0x00000000000154b8                __stdout_hook_install
 .text.nordicsemi_nrf52_init
                0x00000000000154c4       0x28 zephyr/soc/arm/nordic_nrf/nrf52/libsoc__arm__nordic_nrf__nrf52.a(soc.c.obj)
 .text.arch_busy_wait
                0x00000000000154ec       0x14 zephyr/soc/arm/nordic_nrf/nrf52/libsoc__arm__nordic_nrf__nrf52.a(soc.c.obj)
                0x00000000000154ec                arch_busy_wait
 .text.board_init
                0x0000000000015500       0x44 zephyr/boards/arm/arduino_nano_33_ble/libboards__arm__arduino_nano_33_ble.a(board.c.obj)
 .text.bt_hex   0x0000000000015544       0x44 zephyr/subsys/bluetooth/common/libsubsys__bluetooth__common.a(bt_str.c.obj)
                0x0000000000015544                bt_hex
 .text.bt_addr_le_str
                0x0000000000015588       0x7c zephyr/subsys/bluetooth/common/libsubsys__bluetooth__common.a(bt_str.c.obj)
                0x0000000000015588                bt_addr_le_str
 .text.ecc_process
                0x0000000000015604      0x1e8 zephyr/subsys/bluetooth/host/libsubsys__bluetooth__host.a(hci_ecc.c.obj)
 .text.le_gen_dhkey
                0x00000000000157ec       0x98 zephyr/subsys/bluetooth/host/libsubsys__bluetooth__host.a(hci_ecc.c.obj)
 .text.bt_hci_ecc_send
                0x0000000000015884       0xdc zephyr/subsys/bluetooth/host/libsubsys__bluetooth__host.a(hci_ecc.c.obj)
                0x0000000000015884                bt_hci_ecc_send
 .text.save_id  0x0000000000015960       0xac zephyr/subsys/bluetooth/host/libsubsys__bluetooth__host.a(settings.c.obj)
 .text.set_setting
                0x0000000000015a0c      0x198 zephyr/subsys/bluetooth/host/libsubsys__bluetooth__host.a(settings.c.obj)
 .text.bt_settings_encode_key
                0x0000000000015ba4       0x60 zephyr/subsys/bluetooth/host/libsubsys__bluetooth__host.a(settings.c.obj)
                0x0000000000015ba4                bt_settings_encode_key
 .text.bt_settings_save_id
                0x0000000000015c04        0xc zephyr/subsys/bluetooth/host/libsubsys__bluetooth__host.a(settings.c.obj)
                0x0000000000015c04                bt_settings_save_id
 .text.commit_settings
                0x0000000000015c10       0xbc zephyr/subsys/bluetooth/host/libsubsys__bluetooth__host.a(settings.c.obj)
 .text.bt_settings_init
                0x0000000000015ccc       0x40 zephyr/subsys/bluetooth/host/libsubsys__bluetooth__host.a(settings.c.obj)
                0x0000000000015ccc                bt_settings_init
 .text.long_wq_init
                0x0000000000015d0c       0x38 zephyr/subsys/bluetooth/host/libsubsys__bluetooth__host.a(long_wq.c.obj)
 .text.bt_long_wq_schedule
                0x0000000000015d44        0xc zephyr/subsys/bluetooth/host/libsubsys__bluetooth__host.a(long_wq.c.obj)
                0x0000000000015d44                bt_long_wq_schedule
 .text.bt_long_wq_reschedule
                0x0000000000015d50        0xc zephyr/subsys/bluetooth/host/libsubsys__bluetooth__host.a(long_wq.c.obj)
                0x0000000000015d50                bt_long_wq_reschedule
 .text.bt_long_wq_submit
                0x0000000000015d5c        0xc zephyr/subsys/bluetooth/host/libsubsys__bluetooth__host.a(long_wq.c.obj)
                0x0000000000015d5c                bt_long_wq_submit
 .text.uuid_to_uuid128
                0x0000000000015d68       0x6c zephyr/subsys/bluetooth/host/libsubsys__bluetooth__host.a(uuid.c.obj)
 .text.bt_buf_get_rx
                0x0000000000015dd4       0x20 zephyr/subsys/bluetooth/host/libsubsys__bluetooth__host.a(buf.c.obj)
                0x0000000000015dd4                bt_buf_get_rx
 .text.bt_buf_get_cmd_complete
                0x0000000000015df4       0x34 zephyr/subsys/bluetooth/host/libsubsys__bluetooth__host.a(buf.c.obj)
                0x0000000000015df4                bt_buf_get_cmd_complete
 .text.bt_buf_get_evt
                0x0000000000015e28       0x58 zephyr/subsys/bluetooth/host/libsubsys__bluetooth__host.a(buf.c.obj)
                0x0000000000015e28                bt_buf_get_evt
 .text.ver_str  0x0000000000015e80       0x38 zephyr/subsys/bluetooth/host/libsubsys__bluetooth__host.a(hci_core.c.obj)
 .text.unpair   0x0000000000015eb8       0x8c zephyr/subsys/bluetooth/host/libsubsys__bluetooth__host.a(hci_core.c.obj)
 .text.hci_disconn_complete_prio
                0x0000000000015f44       0x3c zephyr/subsys/bluetooth/host/libsubsys__bluetooth__host.a(hci_core.c.obj)
 .text.find_pending_connect.part.0
                0x0000000000015f80       0x2c zephyr/subsys/bluetooth/host/libsubsys__bluetooth__host.a(hci_core.c.obj)
 .text.hci_data_buf_overflow
                0x0000000000015fac       0x38 zephyr/subsys/bluetooth/host/libsubsys__bluetooth__host.a(hci_core.c.obj)
 .text.le_conn_param_neg_reply.part.0
                0x0000000000015fe4       0x30 zephyr/subsys/bluetooth/host/libsubsys__bluetooth__host.a(hci_core.c.obj)
 .text.handle_event.part.0
                0x0000000000016014       0x50 zephyr/subsys/bluetooth/host/libsubsys__bluetooth__host.a(hci_core.c.obj)
 .text.hci_hardware_error
                0x0000000000016064       0x3c zephyr/subsys/bluetooth/host/libsubsys__bluetooth__host.a(hci_core.c.obj)
 .text.le_data_len_change
                0x00000000000160a0       0x48 zephyr/subsys/bluetooth/host/libsubsys__bluetooth__host.a(hci_core.c.obj)
 .text.le_phy_update_complete
                0x00000000000160e8       0x4c zephyr/subsys/bluetooth/host/libsubsys__bluetooth__host.a(hci_core.c.obj)
 .text.hci_disconn_complete
                0x0000000000016134       0x60 zephyr/subsys/bluetooth/host/libsubsys__bluetooth__host.a(hci_core.c.obj)
 .text.handle_event
                0x0000000000016194       0x68 zephyr/subsys/bluetooth/host/libsubsys__bluetooth__host.a(hci_core.c.obj)
 .text.hci_le_meta_event
                0x00000000000161fc       0x20 zephyr/subsys/bluetooth/host/libsubsys__bluetooth__host.a(hci_core.c.obj)
 .text.le_remote_feat_complete
                0x000000000001621c       0x68 zephyr/subsys/bluetooth/host/libsubsys__bluetooth__host.a(hci_core.c.obj)
 .text.hci_cmd_done
                0x0000000000016284      0x13c zephyr/subsys/bluetooth/host/libsubsys__bluetooth__host.a(hci_core.c.obj)
 .text.hci_cmd_status
                0x00000000000163c0       0x2c zephyr/subsys/bluetooth/host/libsubsys__bluetooth__host.a(hci_core.c.obj)
 .text.hci_cmd_complete
                0x00000000000163ec       0x30 zephyr/subsys/bluetooth/host/libsubsys__bluetooth__host.a(hci_core.c.obj)
 .text.hci_tx_thread
                0x000000000001641c      0x1b0 zephyr/subsys/bluetooth/host/libsubsys__bluetooth__host.a(hci_core.c.obj)
 .text.hci_num_completed_packets
                0x00000000000165cc      0x128 zephyr/subsys/bluetooth/host/libsubsys__bluetooth__host.a(hci_core.c.obj)
 .text.le_conn_update_complete
                0x00000000000166f4       0xe4 zephyr/subsys/bluetooth/host/libsubsys__bluetooth__host.a(hci_core.c.obj)
 .text.bt_hci_cmd_state_set_init
                0x00000000000167d8       0x24 zephyr/subsys/bluetooth/host/libsubsys__bluetooth__host.a(hci_core.c.obj)
                0x00000000000167d8                bt_hci_cmd_state_set_init
 .text.bt_hci_cmd_create
                0x00000000000167fc       0x74 zephyr/subsys/bluetooth/host/libsubsys__bluetooth__host.a(hci_core.c.obj)
                0x00000000000167fc                bt_hci_cmd_create
 .text.bt_hci_cmd_send
                0x0000000000016870       0x74 zephyr/subsys/bluetooth/host/libsubsys__bluetooth__host.a(hci_core.c.obj)
                0x0000000000016870                bt_hci_cmd_send
 .text.le_ltk_request
                0x00000000000168e4       0xf4 zephyr/subsys/bluetooth/host/libsubsys__bluetooth__host.a(hci_core.c.obj)
 .text.le_conn_param_req
                0x00000000000169d8       0xdc zephyr/subsys/bluetooth/host/libsubsys__bluetooth__host.a(hci_core.c.obj)
 .text.bt_hci_cmd_send_sync
                0x0000000000016ab4      0x100 zephyr/subsys/bluetooth/host/libsubsys__bluetooth__host.a(hci_core.c.obj)
                0x0000000000016ab4                bt_hci_cmd_send_sync
 .text.hci_le_read_max_data_len
                0x0000000000016bb4       0x64 zephyr/subsys/bluetooth/host/libsubsys__bluetooth__host.a(hci_core.c.obj)
 .text.bt_hci_le_rand
                0x0000000000016c18       0x58 zephyr/subsys/bluetooth/host/libsubsys__bluetooth__host.a(hci_core.c.obj)
                0x0000000000016c18                bt_hci_le_rand
 .text.bt_hci_le_enh_conn_complete
                0x0000000000016c70      0x370 zephyr/subsys/bluetooth/host/libsubsys__bluetooth__host.a(hci_core.c.obj)
                0x0000000000016c70                bt_hci_le_enh_conn_complete
 .text.le_legacy_conn_complete
                0x0000000000016fe0       0x6c zephyr/subsys/bluetooth/host/libsubsys__bluetooth__host.a(hci_core.c.obj)
 .text.bt_unpair
                0x000000000001704c       0x48 zephyr/subsys/bluetooth/host/libsubsys__bluetooth__host.a(hci_core.c.obj)
                0x000000000001704c                bt_unpair
 .text.bt_security_err_get
                0x0000000000017094       0x10 zephyr/subsys/bluetooth/host/libsubsys__bluetooth__host.a(hci_core.c.obj)
                0x0000000000017094                bt_security_err_get
 .text.hci_encrypt_key_refresh_complete
                0x00000000000170a4       0xb4 zephyr/subsys/bluetooth/host/libsubsys__bluetooth__host.a(hci_core.c.obj)
 .text.hci_encrypt_change
                0x0000000000017158       0xcc zephyr/subsys/bluetooth/host/libsubsys__bluetooth__host.a(hci_core.c.obj)
 .text.hci_event_prio
                0x0000000000017224       0xa4 zephyr/subsys/bluetooth/host/libsubsys__bluetooth__host.a(hci_core.c.obj)
                0x0000000000017224                hci_event_prio
 .text.bt_recv  0x00000000000172c8      0x178 zephyr/subsys/bluetooth/host/libsubsys__bluetooth__host.a(hci_core.c.obj)
                0x00000000000172c8                bt_recv
 .text.bt_recv_prio
                0x0000000000017440       0x3c zephyr/subsys/bluetooth/host/libsubsys__bluetooth__host.a(hci_core.c.obj)
                0x0000000000017440                bt_recv_prio
 .text.bt_hci_driver_register
                0x000000000001747c       0x28 zephyr/subsys/bluetooth/host/libsubsys__bluetooth__host.a(hci_core.c.obj)
                0x000000000001747c                bt_hci_driver_register
 .text.bt_finalize_init
                0x00000000000174a4      0x164 zephyr/subsys/bluetooth/host/libsubsys__bluetooth__host.a(hci_core.c.obj)
                0x00000000000174a4                bt_finalize_init
 .text.bt_init.part.0
                0x0000000000017608       0x50 zephyr/subsys/bluetooth/host/libsubsys__bluetooth__host.a(hci_core.c.obj)
 .text.init_work
                0x0000000000017658       0x18 zephyr/subsys/bluetooth/host/libsubsys__bluetooth__host.a(hci_core.c.obj)
 .text.bt_enable
                0x0000000000017670      0x114 zephyr/subsys/bluetooth/host/libsubsys__bluetooth__host.a(hci_core.c.obj)
                0x0000000000017670                bt_enable
 .text.bt_is_ready
                0x0000000000017784       0x18 zephyr/subsys/bluetooth/host/libsubsys__bluetooth__host.a(hci_core.c.obj)
                0x0000000000017784                bt_is_ready
 .text.bt_set_name
                0x000000000001779c       0x80 zephyr/subsys/bluetooth/host/libsubsys__bluetooth__host.a(hci_core.c.obj)
                0x000000000001779c                bt_set_name
 .text.bt_get_name
                0x000000000001781c        0x8 zephyr/subsys/bluetooth/host/libsubsys__bluetooth__host.a(hci_core.c.obj)
                0x000000000001781c                bt_get_name
 .text.id_find  0x0000000000017824       0x30 zephyr/subsys/bluetooth/host/libsubsys__bluetooth__host.a(id.c.obj)
 .text.le_rpa_timeout_submit
                0x0000000000017854       0x3c zephyr/subsys/bluetooth/host/libsubsys__bluetooth__host.a(id.c.obj)
 .text.le_rpa_invalidate
                0x0000000000017890       0x2c zephyr/subsys/bluetooth/host/libsubsys__bluetooth__host.a(id.c.obj)
 .text.hci_id_add
                0x00000000000178bc       0x64 zephyr/subsys/bluetooth/host/libsubsys__bluetooth__host.a(id.c.obj)
 .text.id_create
                0x0000000000017920       0xc4 zephyr/subsys/bluetooth/host/libsubsys__bluetooth__host.a(id.c.obj)
 .text.bt_id_add.part.0
                0x00000000000179e4      0x1b8 zephyr/subsys/bluetooth/host/libsubsys__bluetooth__host.a(id.c.obj)
 .text.set_random_address
                0x0000000000017b9c       0x58 zephyr/subsys/bluetooth/host/libsubsys__bluetooth__host.a(id.c.obj)
 .text.bt_id_del.part.0
                0x0000000000017bf4      0x12c zephyr/subsys/bluetooth/host/libsubsys__bluetooth__host.a(id.c.obj)
 .text.bt_id_set_private_addr
                0x0000000000017d20       0x50 zephyr/subsys/bluetooth/host/libsubsys__bluetooth__host.a(id.c.obj)
                0x0000000000017d20                bt_id_set_private_addr
 .text.le_update_private_addr
                0x0000000000017d70       0x80 zephyr/subsys/bluetooth/host/libsubsys__bluetooth__host.a(id.c.obj)
 .text.rpa_timeout
                0x0000000000017df0       0x50 zephyr/subsys/bluetooth/host/libsubsys__bluetooth__host.a(id.c.obj)
 .text.bt_id_pending_keys_update
                0x0000000000017e40       0x34 zephyr/subsys/bluetooth/host/libsubsys__bluetooth__host.a(id.c.obj)
                0x0000000000017e40                bt_id_pending_keys_update
 .text.bt_id_find_conflict
                0x0000000000017e74       0x20 zephyr/subsys/bluetooth/host/libsubsys__bluetooth__host.a(id.c.obj)
                0x0000000000017e74                bt_id_find_conflict
 .text.bt_id_add
                0x0000000000017e94       0x34 zephyr/subsys/bluetooth/host/libsubsys__bluetooth__host.a(id.c.obj)
                0x0000000000017e94                bt_id_add
 .text.bt_id_del
                0x0000000000017ec8       0x38 zephyr/subsys/bluetooth/host/libsubsys__bluetooth__host.a(id.c.obj)
                0x0000000000017ec8                bt_id_del
 .text.bt_id_create
                0x0000000000017f00       0xdc zephyr/subsys/bluetooth/host/libsubsys__bluetooth__host.a(id.c.obj)
                0x0000000000017f00                bt_id_create
 .text.bt_id_read_public_addr
                0x0000000000017fdc       0xa4 zephyr/subsys/bluetooth/host/libsubsys__bluetooth__host.a(id.c.obj)
                0x0000000000017fdc                bt_id_read_public_addr
 .text.bt_setup_public_id_addr
                0x0000000000018080       0xb0 zephyr/subsys/bluetooth/host/libsubsys__bluetooth__host.a(id.c.obj)
                0x0000000000018080                bt_setup_public_id_addr
 .text.bt_read_static_addr
                0x0000000000018130       0xc8 zephyr/subsys/bluetooth/host/libsubsys__bluetooth__host.a(id.c.obj)
                0x0000000000018130                bt_read_static_addr
 .text.bt_setup_random_id_addr
                0x00000000000181f8       0x9c zephyr/subsys/bluetooth/host/libsubsys__bluetooth__host.a(id.c.obj)
                0x00000000000181f8                bt_setup_random_id_addr
 .text.bt_id_set_adv_own_addr
                0x0000000000018294       0xe0 zephyr/subsys/bluetooth/host/libsubsys__bluetooth__host.a(id.c.obj)
                0x0000000000018294                bt_id_set_adv_own_addr
 .text.bt_id_init
                0x0000000000018374       0x18 zephyr/subsys/bluetooth/host/libsubsys__bluetooth__host.a(id.c.obj)
                0x0000000000018374                bt_id_init
 .text.hci_set_ad
                0x000000000001838c       0xfc zephyr/subsys/bluetooth/host/libsubsys__bluetooth__host.a(adv.c.obj)
 .text.adv_is_directed
                0x0000000000018488       0x18 zephyr/subsys/bluetooth/host/libsubsys__bluetooth__host.a(adv.c.obj)
 .text.le_adv_start_add_conn
                0x00000000000184a0       0x60 zephyr/subsys/bluetooth/host/libsubsys__bluetooth__host.a(adv.c.obj)
 .text.valid_adv_param
                0x0000000000018500       0x8c zephyr/subsys/bluetooth/host/libsubsys__bluetooth__host.a(adv.c.obj)
 .text.bt_le_ext_adv_foreach
                0x000000000001858c        0xc zephyr/subsys/bluetooth/host/libsubsys__bluetooth__host.a(adv.c.obj)
                0x000000000001858c                bt_le_ext_adv_foreach
 .text.bt_le_adv_lookup_legacy
                0x0000000000018598        0x8 zephyr/subsys/bluetooth/host/libsubsys__bluetooth__host.a(adv.c.obj)
                0x0000000000018598                bt_le_adv_lookup_legacy
 .text.bt_le_adv_start_legacy
                0x00000000000185a0      0x288 zephyr/subsys/bluetooth/host/libsubsys__bluetooth__host.a(adv.c.obj)
                0x00000000000185a0                bt_le_adv_start_legacy
 .text.bt_le_adv_start
                0x0000000000018828       0x64 zephyr/subsys/bluetooth/host/libsubsys__bluetooth__host.a(adv.c.obj)
                0x0000000000018828                bt_le_adv_start
 .text.bt_le_adv_stop
                0x000000000001888c       0x78 zephyr/subsys/bluetooth/host/libsubsys__bluetooth__host.a(adv.c.obj)
                0x000000000001888c                bt_le_adv_stop
 .text.adv_timeout
                0x0000000000018904       0x38 zephyr/subsys/bluetooth/host/libsubsys__bluetooth__host.a(adv.c.obj)
 .text.bt_le_adv_resume
                0x000000000001893c      0x118 zephyr/subsys/bluetooth/host/libsubsys__bluetooth__host.a(adv.c.obj)
                0x000000000001893c                bt_le_adv_resume
 .text.bt_pub_key_is_debug
                0x0000000000018a54       0x18 zephyr/subsys/bluetooth/host/libsubsys__bluetooth__host.a(ecc.c.obj)
                0x0000000000018a54                bt_pub_key_is_debug
 .text.bt_pub_key_gen
                0x0000000000018a6c      0x158 zephyr/subsys/bluetooth/host/libsubsys__bluetooth__host.a(ecc.c.obj)
                0x0000000000018a6c                bt_pub_key_gen
 .text.bt_pub_key_get
                0x0000000000018bc4       0x20 zephyr/subsys/bluetooth/host/libsubsys__bluetooth__host.a(ecc.c.obj)
                0x0000000000018bc4                bt_pub_key_get
 .text.bt_dh_key_gen
                0x0000000000018be4       0xc0 zephyr/subsys/bluetooth/host/libsubsys__bluetooth__host.a(ecc.c.obj)
                0x0000000000018be4                bt_dh_key_gen
 .text.bt_hci_evt_le_pkey_complete
                0x0000000000018ca4       0x7c zephyr/subsys/bluetooth/host/libsubsys__bluetooth__host.a(ecc.c.obj)
                0x0000000000018ca4                bt_hci_evt_le_pkey_complete
 .text.bt_hci_evt_le_dhkey_complete
                0x0000000000018d20       0x1c zephyr/subsys/bluetooth/host/libsubsys__bluetooth__host.a(ecc.c.obj)
                0x0000000000018d20                bt_hci_evt_le_dhkey_complete
 .text.notify_connected
                0x0000000000018d3c       0x3c zephyr/subsys/bluetooth/host/libsubsys__bluetooth__host.a(conn.c.obj)
 .text.bt_conn_create_pdu_timeout.part.0
                0x0000000000018d78       0x34 zephyr/subsys/bluetooth/host/libsubsys__bluetooth__host.a(conn.c.obj)
 .text.tx_notify
                0x0000000000018dac       0x60 zephyr/subsys/bluetooth/host/libsubsys__bluetooth__host.a(conn.c.obj)
 .text.conn_tx_destroy
                0x0000000000018e0c       0x2c zephyr/subsys/bluetooth/host/libsubsys__bluetooth__host.a(conn.c.obj)
 .text.send_frag
                0x0000000000018e38      0x1b4 zephyr/subsys/bluetooth/host/libsubsys__bluetooth__host.a(conn.c.obj)
 .text.bt_conn_get_pkts
                0x0000000000018fec        0x8 zephyr/subsys/bluetooth/host/libsubsys__bluetooth__host.a(conn.c.obj)
                0x0000000000018fec                bt_conn_get_pkts
 .text.bt_conn_new
                0x0000000000018ff4       0x64 zephyr/subsys/bluetooth/host/libsubsys__bluetooth__host.a(conn.c.obj)
                0x0000000000018ff4                bt_conn_new
 .text.bt_conn_recv
                0x0000000000019058      0x160 zephyr/subsys/bluetooth/host/libsubsys__bluetooth__host.a(conn.c.obj)
                0x0000000000019058                bt_conn_recv
 .text.bt_conn_send_cb
                0x00000000000191b8       0xfc zephyr/subsys/bluetooth/host/libsubsys__bluetooth__host.a(conn.c.obj)
                0x00000000000191b8                bt_conn_send_cb
 .text.bt_conn_prepare_events
                0x00000000000192b4       0x8c zephyr/subsys/bluetooth/host/libsubsys__bluetooth__host.a(conn.c.obj)
                0x00000000000192b4                bt_conn_prepare_events
 .text.bt_conn_lookup_handle
                0x0000000000019340       0x10 zephyr/subsys/bluetooth/host/libsubsys__bluetooth__host.a(conn.c.obj)
                0x0000000000019340                bt_conn_lookup_handle
 .text.bt_conn_set_state
                0x0000000000019350      0x1f8 zephyr/subsys/bluetooth/host/libsubsys__bluetooth__host.a(conn.c.obj)
                0x0000000000019350                bt_conn_set_state
 .text.bt_conn_foreach
                0x0000000000019548       0x30 zephyr/subsys/bluetooth/host/libsubsys__bluetooth__host.a(conn.c.obj)
                0x0000000000019548                bt_conn_foreach
 .text.bt_conn_index
                0x0000000000019578       0x18 zephyr/subsys/bluetooth/host/libsubsys__bluetooth__host.a(conn.c.obj)
                0x0000000000019578                bt_conn_index
 .text.bt_conn_create_pdu_timeout
                0x0000000000019590       0x2c zephyr/subsys/bluetooth/host/libsubsys__bluetooth__host.a(conn.c.obj)
                0x0000000000019590                bt_conn_create_pdu_timeout
 .text.notify_le_param_updated
                0x00000000000195bc       0x88 zephyr/subsys/bluetooth/host/libsubsys__bluetooth__host.a(conn.c.obj)
                0x00000000000195bc                notify_le_param_updated
 .text.le_param_req
                0x0000000000019644       0x74 zephyr/subsys/bluetooth/host/libsubsys__bluetooth__host.a(conn.c.obj)
                0x0000000000019644                le_param_req
 .text.bt_conn_identity_resolved
                0x00000000000196b8       0x5c zephyr/subsys/bluetooth/host/libsubsys__bluetooth__host.a(conn.c.obj)
                0x00000000000196b8                bt_conn_identity_resolved
 .text.bt_conn_security_changed
                0x0000000000019714       0x68 zephyr/subsys/bluetooth/host/libsubsys__bluetooth__host.a(conn.c.obj)
                0x0000000000019714                bt_conn_security_changed
 .text.bt_conn_add_le
                0x000000000001977c       0x38 zephyr/subsys/bluetooth/host/libsubsys__bluetooth__host.a(conn.c.obj)
                0x000000000001977c                bt_conn_add_le
 .text.bt_conn_lookup_addr_le
                0x00000000000197b4       0x34 zephyr/subsys/bluetooth/host/libsubsys__bluetooth__host.a(conn.c.obj)
                0x00000000000197b4                bt_conn_lookup_addr_le
 .text.bt_conn_exists_le
                0x00000000000197e8       0x68 zephyr/subsys/bluetooth/host/libsubsys__bluetooth__host.a(conn.c.obj)
                0x00000000000197e8                bt_conn_exists_le
 .text.bt_conn_lookup_state_le
                0x0000000000019850       0x44 zephyr/subsys/bluetooth/host/libsubsys__bluetooth__host.a(conn.c.obj)
                0x0000000000019850                bt_conn_lookup_state_le
 .text.send_conn_le_param_update
                0x0000000000019894       0x6c zephyr/subsys/bluetooth/host/libsubsys__bluetooth__host.a(conn.c.obj)
 .text.deferred_work
                0x0000000000019900      0x124 zephyr/subsys/bluetooth/host/libsubsys__bluetooth__host.a(conn.c.obj)
 .text.bt_conn_create_frag_timeout
                0x0000000000019a24        0xc zephyr/subsys/bluetooth/host/libsubsys__bluetooth__host.a(conn.c.obj)
                0x0000000000019a24                bt_conn_create_frag_timeout
 .text.bt_conn_process_tx
                0x0000000000019a30      0x110 zephyr/subsys/bluetooth/host/libsubsys__bluetooth__host.a(conn.c.obj)
                0x0000000000019a30                bt_conn_process_tx
 .text.bt_conn_auth_cb_register
                0x0000000000019b40       0x34 zephyr/subsys/bluetooth/host/libsubsys__bluetooth__host.a(conn.c.obj)
                0x0000000000019b40                bt_conn_auth_cb_register
 .text.bt_conn_init
                0x0000000000019b74       0x44 zephyr/subsys/bluetooth/host/libsubsys__bluetooth__host.a(conn.c.obj)
                0x0000000000019b74                bt_conn_init
 .text.l2cap_create_le_sig_pdu.part.0
                0x0000000000019bb8       0x34 zephyr/subsys/bluetooth/host/libsubsys__bluetooth__host.a(l2cap.c.obj)
 .text.l2cap_accept.part.0
                0x0000000000019bec       0x38 zephyr/subsys/bluetooth/host/libsubsys__bluetooth__host.a(l2cap.c.obj)
 .text.l2cap_accept
                0x0000000000019c24       0x1c zephyr/subsys/bluetooth/host/libsubsys__bluetooth__host.a(l2cap.c.obj)
 .text.bt_l2cap_connected
                0x0000000000019c40       0x9c zephyr/subsys/bluetooth/host/libsubsys__bluetooth__host.a(l2cap.c.obj)
                0x0000000000019c40                bt_l2cap_connected
 .text.l2cap_recv
                0x0000000000019cdc      0x110 zephyr/subsys/bluetooth/host/libsubsys__bluetooth__host.a(l2cap.c.obj)
 .text.bt_l2cap_recv
                0x0000000000019dec       0x84 zephyr/subsys/bluetooth/host/libsubsys__bluetooth__host.a(l2cap.c.obj)
                0x0000000000019dec                bt_l2cap_recv
 .text.bt_l2cap_update_conn_param
                0x0000000000019e70       0x64 zephyr/subsys/bluetooth/host/libsubsys__bluetooth__host.a(l2cap.c.obj)
                0x0000000000019e70                bt_l2cap_update_conn_param
 .text.att_op_get_type
                0x0000000000019ed4       0x74 zephyr/subsys/bluetooth/host/libsubsys__bluetooth__host.a(att.c.obj)
 .text.bt_att_released
                0x0000000000019f48       0x18 zephyr/subsys/bluetooth/host/libsubsys__bluetooth__host.a(att.c.obj)
 .text.tx_meta_data_free
                0x0000000000019f60       0x1c zephyr/subsys/bluetooth/host/libsubsys__bluetooth__host.a(att.c.obj)
 .text.find_type_cb
                0x0000000000019f7c      0x18c zephyr/subsys/bluetooth/host/libsubsys__bluetooth__host.a(att.c.obj)
 .text.chan_send
                0x000000000001a108       0xcc zephyr/subsys/bluetooth/host/libsubsys__bluetooth__host.a(att.c.obj)
 .text.att_get  0x000000000001a1d4       0x68 zephyr/subsys/bluetooth/host/libsubsys__bluetooth__host.a(att.c.obj)
 .text.bt_att_connected
                0x000000000001a23c       0x44 zephyr/subsys/bluetooth/host/libsubsys__bluetooth__host.a(att.c.obj)
 .text.read_group_cb
                0x000000000001a280       0xac zephyr/subsys/bluetooth/host/libsubsys__bluetooth__host.a(att.c.obj)
 .text.read_type_cb
                0x000000000001a32c       0xa0 zephyr/subsys/bluetooth/host/libsubsys__bluetooth__host.a(att.c.obj)
 .text.prep_write_cb
                0x000000000001a3cc       0x7c zephyr/subsys/bluetooth/host/libsubsys__bluetooth__host.a(att.c.obj)
 .text.bt_att_accept
                0x000000000001a448      0x12c zephyr/subsys/bluetooth/host/libsubsys__bluetooth__host.a(att.c.obj)
 .text.bt_att_chan_create_pdu
                0x000000000001a574       0xe8 zephyr/subsys/bluetooth/host/libsubsys__bluetooth__host.a(att.c.obj)
                0x000000000001a574                bt_att_chan_create_pdu
 .text.bt_att_recv
                0x000000000001a65c      0x180 zephyr/subsys/bluetooth/host/libsubsys__bluetooth__host.a(att.c.obj)
 .text.att_write_rsp
                0x000000000001a7dc       0xcc zephyr/subsys/bluetooth/host/libsubsys__bluetooth__host.a(att.c.obj)
 .text.att_signed_write_cmd
                0x000000000001a8a8       0x98 zephyr/subsys/bluetooth/host/libsubsys__bluetooth__host.a(att.c.obj)
 .text.bt_att_create_pdu
                0x000000000001a940       0x80 zephyr/subsys/bluetooth/host/libsubsys__bluetooth__host.a(att.c.obj)
                0x000000000001a940                bt_att_create_pdu
 .text.att_exec_write_req
                0x000000000001a9c0      0x140 zephyr/subsys/bluetooth/host/libsubsys__bluetooth__host.a(att.c.obj)
 .text.att_prepare_write_req
                0x000000000001ab00       0xe4 zephyr/subsys/bluetooth/host/libsubsys__bluetooth__host.a(att.c.obj)
 .text.att_read_group_req
                0x000000000001abe4       0xfc zephyr/subsys/bluetooth/host/libsubsys__bluetooth__host.a(att.c.obj)
 .text.att_read_mult_vl_req
                0x000000000001ace0       0xa8 zephyr/subsys/bluetooth/host/libsubsys__bluetooth__host.a(att.c.obj)
 .text.att_read_mult_req
                0x000000000001ad88       0xa8 zephyr/subsys/bluetooth/host/libsubsys__bluetooth__host.a(att.c.obj)
 .text.att_read_rsp
                0x000000000001ae30       0xa0 zephyr/subsys/bluetooth/host/libsubsys__bluetooth__host.a(att.c.obj)
 .text.att_read_type_req
                0x000000000001aed0       0xc4 zephyr/subsys/bluetooth/host/libsubsys__bluetooth__host.a(att.c.obj)
 .text.att_find_type_req
                0x000000000001af94       0xd0 zephyr/subsys/bluetooth/host/libsubsys__bluetooth__host.a(att.c.obj)
 .text.att_find_info_req
                0x000000000001b064       0x78 zephyr/subsys/bluetooth/host/libsubsys__bluetooth__host.a(att.c.obj)
 .text.bt_att_init
                0x000000000001b0dc       0x38 zephyr/subsys/bluetooth/host/libsubsys__bluetooth__host.a(att.c.obj)
                0x000000000001b0dc                bt_att_init
 .text.bt_att_req_alloc
                0x000000000001b114       0x44 zephyr/subsys/bluetooth/host/libsubsys__bluetooth__host.a(att.c.obj)
                0x000000000001b114                bt_att_req_alloc
 .text.bt_att_req_free
                0x000000000001b158       0x30 zephyr/subsys/bluetooth/host/libsubsys__bluetooth__host.a(att.c.obj)
                0x000000000001b158                bt_att_req_free
 .text.att_handle_rsp
                0x000000000001b188       0xa4 zephyr/subsys/bluetooth/host/libsubsys__bluetooth__host.a(att.c.obj)
 .text.bt_att_disconnected
                0x000000000001b22c       0xe0 zephyr/subsys/bluetooth/host/libsubsys__bluetooth__host.a(att.c.obj)
 .text.att_timeout
                0x000000000001b30c       0x40 zephyr/subsys/bluetooth/host/libsubsys__bluetooth__host.a(att.c.obj)
 .text.find_cf_cfg
                0x000000000001b34c       0x5c zephyr/subsys/bluetooth/host/libsubsys__bluetooth__host.a(gatt.c.obj)
 .text.find_sc_cfg
                0x000000000001b3a8       0x44 zephyr/subsys/bluetooth/host/libsubsys__bluetooth__host.a(gatt.c.obj)
 .text.find_ccc_cfg
                0x000000000001b3ec       0x28 zephyr/subsys/bluetooth/host/libsubsys__bluetooth__host.a(gatt.c.obj)
 .text.ccc_load
                0x000000000001b414       0x8c zephyr/subsys/bluetooth/host/libsubsys__bluetooth__host.a(gatt.c.obj)
 .text.find_cf_cfg_by_addr
                0x000000000001b4a0       0x44 zephyr/subsys/bluetooth/host/libsubsys__bluetooth__host.a(gatt.c.obj)
 .text.ccc_set_direct.part.0
                0x000000000001b4e4       0x34 zephyr/subsys/bluetooth/host/libsubsys__bluetooth__host.a(gatt.c.obj)
 .text.db_hash_commit
                0x000000000001b518       0x5c zephyr/subsys/bluetooth/host/libsubsys__bluetooth__host.a(gatt.c.obj)
 .text.sc_set   0x000000000001b574      0x160 zephyr/subsys/bluetooth/host/libsubsys__bluetooth__host.a(gatt.c.obj)
 .text.sc_store
                0x000000000001b6d4       0x70 zephyr/subsys/bluetooth/host/libsubsys__bluetooth__host.a(gatt.c.obj)
 .text.sc_save  0x000000000001b744       0x94 zephyr/subsys/bluetooth/host/libsubsys__bluetooth__host.a(gatt.c.obj)
 .text.cf_write
                0x000000000001b7d8       0xbc zephyr/subsys/bluetooth/host/libsubsys__bluetooth__host.a(gatt.c.obj)
 .text.db_hash_store
                0x000000000001b894       0x4c zephyr/subsys/bluetooth/host/libsubsys__bluetooth__host.a(gatt.c.obj)
 .text.db_hash_set
                0x000000000001b8e0       0x50 zephyr/subsys/bluetooth/host/libsubsys__bluetooth__host.a(gatt.c.obj)
 .text.clear_cf_cfg
                0x000000000001b930       0x38 zephyr/subsys/bluetooth/host/libsubsys__bluetooth__host.a(gatt.c.obj)
 .text.cf_set   0x000000000001b968      0x154 zephyr/subsys/bluetooth/host/libsubsys__bluetooth__host.a(gatt.c.obj)
 .text.remove_peer_from_attr
                0x000000000001babc       0x28 zephyr/subsys/bluetooth/host/libsubsys__bluetooth__host.a(gatt.c.obj)
 .text.ccc_save
                0x000000000001bae4       0x38 zephyr/subsys/bluetooth/host/libsubsys__bluetooth__host.a(gatt.c.obj)
 .text.bt_gatt_clear_sc
                0x000000000001bb1c       0x7c zephyr/subsys/bluetooth/host/libsubsys__bluetooth__host.a(gatt.c.obj)
 .text.sc_clear
                0x000000000001bb98       0x64 zephyr/subsys/bluetooth/host/libsubsys__bluetooth__host.a(gatt.c.obj)
 .text.read_ppcp
                0x000000000001bbfc       0x38 zephyr/subsys/bluetooth/host/libsubsys__bluetooth__host.a(gatt.c.obj)
 .text.disconnected_cb
                0x000000000001bc34       0xa0 zephyr/subsys/bluetooth/host/libsubsys__bluetooth__host.a(gatt.c.obj)
 .text.bt_gatt_attr_write_ccc
                0x000000000001bcd4      0x124 zephyr/subsys/bluetooth/host/libsubsys__bluetooth__host.a(gatt.c.obj)
                0x000000000001bcd4                bt_gatt_attr_write_ccc
 .text.sc_commit
                0x000000000001bdf8       0x30 zephyr/subsys/bluetooth/host/libsubsys__bluetooth__host.a(gatt.c.obj)
 .text.sc_indicate_rsp
                0x000000000001be28       0x50 zephyr/subsys/bluetooth/host/libsubsys__bluetooth__host.a(gatt.c.obj)
 .text.bt_gatt_init
                0x000000000001be78       0xc8 zephyr/subsys/bluetooth/host/libsubsys__bluetooth__host.a(gatt.c.obj)
                0x000000000001be78                bt_gatt_init
 .text.bt_gatt_cb_register
                0x000000000001bf40       0x1c zephyr/subsys/bluetooth/host/libsubsys__bluetooth__host.a(gatt.c.obj)
                0x000000000001bf40                bt_gatt_cb_register
 .text.bt_gatt_attr_get_handle
                0x000000000001bf5c       0x60 zephyr/subsys/bluetooth/host/libsubsys__bluetooth__host.a(gatt.c.obj)
                0x000000000001bf5c                bt_gatt_attr_get_handle
 .text.bt_gatt_foreach_attr_type
                0x000000000001bfbc       0xb4 zephyr/subsys/bluetooth/host/libsubsys__bluetooth__host.a(gatt.c.obj)
                0x000000000001bfbc                bt_gatt_foreach_attr_type
 .text.db_hash_gen
                0x000000000001c070       0xb4 zephyr/subsys/bluetooth/host/libsubsys__bluetooth__host.a(gatt.c.obj)
 .text.db_hash_read
                0x000000000001c124       0x7c zephyr/subsys/bluetooth/host/libsubsys__bluetooth__host.a(gatt.c.obj)
 .text.db_hash_process
                0x000000000001c1a0       0xb4 zephyr/subsys/bluetooth/host/libsubsys__bluetooth__host.a(gatt.c.obj)
 .text.ccc_set_direct
                0x000000000001c254      0x140 zephyr/subsys/bluetooth/host/libsubsys__bluetooth__host.a(gatt.c.obj)
 .text.bt_gatt_attr_next
                0x000000000001c394       0x24 zephyr/subsys/bluetooth/host/libsubsys__bluetooth__host.a(gatt.c.obj)
                0x000000000001c394                bt_gatt_attr_next
 .text.gatt_indicate
                0x000000000001c3b8      0x138 zephyr/subsys/bluetooth/host/libsubsys__bluetooth__host.a(gatt.c.obj)
 .text.bt_gatt_indicate
                0x000000000001c4f0       0xf0 zephyr/subsys/bluetooth/host/libsubsys__bluetooth__host.a(gatt.c.obj)
                0x000000000001c4f0                bt_gatt_indicate
 .text.sc_process
                0x000000000001c5e0       0x5c zephyr/subsys/bluetooth/host/libsubsys__bluetooth__host.a(gatt.c.obj)
 .text.update_ccc
                0x000000000001c63c      0x128 zephyr/subsys/bluetooth/host/libsubsys__bluetooth__host.a(gatt.c.obj)
 .text.gatt_notify
                0x000000000001c764       0xf8 zephyr/subsys/bluetooth/host/libsubsys__bluetooth__host.a(gatt.c.obj)
 .text.bt_gatt_notify_cb
                0x000000000001c85c       0xe8 zephyr/subsys/bluetooth/host/libsubsys__bluetooth__host.a(gatt.c.obj)
                0x000000000001c85c                bt_gatt_notify_cb
 .text.notify_cb
                0x000000000001c944      0x140 zephyr/subsys/bluetooth/host/libsubsys__bluetooth__host.a(gatt.c.obj)
 .text.bt_gatt_connected
                0x000000000001ca84       0xac zephyr/subsys/bluetooth/host/libsubsys__bluetooth__host.a(gatt.c.obj)
                0x000000000001ca84                bt_gatt_connected
 .text.bt_gatt_att_max_mtu_changed
                0x000000000001cb30       0x28 zephyr/subsys/bluetooth/host/libsubsys__bluetooth__host.a(gatt.c.obj)
                0x000000000001cb30                bt_gatt_att_max_mtu_changed
 .text.bt_gatt_encrypt_change
                0x000000000001cb58       0x20 zephyr/subsys/bluetooth/host/libsubsys__bluetooth__host.a(gatt.c.obj)
                0x000000000001cb58                bt_gatt_encrypt_change
 .text.bt_gatt_store_ccc
                0x000000000001cb78       0xa4 zephyr/subsys/bluetooth/host/libsubsys__bluetooth__host.a(gatt.c.obj)
                0x000000000001cb78                bt_gatt_store_ccc
 .text.bt_gatt_clear
                0x000000000001cc1c       0x9c zephyr/subsys/bluetooth/host/libsubsys__bluetooth__host.a(gatt.c.obj)
                0x000000000001cc1c                bt_gatt_clear
 .text.bt_gatt_disconnected
                0x000000000001ccb8      0x12c zephyr/subsys/bluetooth/host/libsubsys__bluetooth__host.a(gatt.c.obj)
                0x000000000001ccb8                bt_gatt_disconnected
 .text.smp_find
                0x000000000001cde4       0x1c zephyr/subsys/bluetooth/host/libsubsys__bluetooth__host.a(smp.c.obj)
 .text.latch_auth_cb
                0x000000000001ce00       0x3c zephyr/subsys/bluetooth/host/libsubsys__bluetooth__host.a(smp.c.obj)
 .text.get_io_capa
                0x000000000001ce3c       0x4c zephyr/subsys/bluetooth/host/libsubsys__bluetooth__host.a(smp.c.obj)
 .text.get_auth
                0x000000000001ce88       0x3c zephyr/subsys/bluetooth/host/libsubsys__bluetooth__host.a(smp.c.obj)
 .text.bt_smp_pkey_ready.part.0
                0x000000000001cec4       0x30 zephyr/subsys/bluetooth/host/libsubsys__bluetooth__host.a(smp.c.obj)
 .text.smp_chan_get.part.0
                0x000000000001cef4       0x34 zephyr/subsys/bluetooth/host/libsubsys__bluetooth__host.a(smp.c.obj)
 .text.smp_sign_buf
                0x000000000001cf28       0xa8 zephyr/subsys/bluetooth/host/libsubsys__bluetooth__host.a(smp.c.obj)
 .text.bt_smp_accept.part.0
                0x000000000001cfd0       0x38 zephyr/subsys/bluetooth/host/libsubsys__bluetooth__host.a(smp.c.obj)
 .text.bt_smp_accept
                0x000000000001d008       0x24 zephyr/subsys/bluetooth/host/libsubsys__bluetooth__host.a(smp.c.obj)
 .text.smp_init
                0x000000000001d02c       0x38 zephyr/subsys/bluetooth/host/libsubsys__bluetooth__host.a(smp.c.obj)
 .text.smp_dhkey_generate
                0x000000000001d064       0x5c zephyr/subsys/bluetooth/host/libsubsys__bluetooth__host.a(smp.c.obj)
 .text.smp_ident_info
                0x000000000001d0c0       0x84 zephyr/subsys/bluetooth/host/libsubsys__bluetooth__host.a(smp.c.obj)
 .text.smp_encrypt_info
                0x000000000001d144       0x84 zephyr/subsys/bluetooth/host/libsubsys__bluetooth__host.a(smp.c.obj)
 .text.smp_send_pairing_confirm
                0x000000000001d1c8       0xb0 zephyr/subsys/bluetooth/host/libsubsys__bluetooth__host.a(smp.c.obj)
 .text.smp_public_key_periph
                0x000000000001d278      0x184 zephyr/subsys/bluetooth/host/libsubsys__bluetooth__host.a(smp.c.obj)
 .text.smp_public_key
                0x000000000001d3fc       0xbc zephyr/subsys/bluetooth/host/libsubsys__bluetooth__host.a(smp.c.obj)
 .text.smp_pairing_req
                0x000000000001d4b8      0x394 zephyr/subsys/bluetooth/host/libsubsys__bluetooth__host.a(smp.c.obj)
 .text.compute_and_check_and_send_periph_dhcheck
                0x000000000001d84c      0x198 zephyr/subsys/bluetooth/host/libsubsys__bluetooth__host.a(smp.c.obj)
 .text.bt_smp_connected
                0x000000000001d9e4       0x38 zephyr/subsys/bluetooth/host/libsubsys__bluetooth__host.a(smp.c.obj)
 .text.smp_pairing_confirm
                0x000000000001da1c       0x94 zephyr/subsys/bluetooth/host/libsubsys__bluetooth__host.a(smp.c.obj)
 .text.smp_pairing_random
                0x000000000001dab0      0x234 zephyr/subsys/bluetooth/host/libsubsys__bluetooth__host.a(smp.c.obj)
 .text.bt_smp_sign_verify
                0x000000000001dce4      0x124 zephyr/subsys/bluetooth/host/libsubsys__bluetooth__host.a(smp.c.obj)
                0x000000000001dce4                bt_smp_sign_verify
 .text.bt_smp_sign
                0x000000000001de08       0xd0 zephyr/subsys/bluetooth/host/libsubsys__bluetooth__host.a(smp.c.obj)
                0x000000000001de08                bt_smp_sign
 .text.bt_smp_start_security
                0x000000000001ded8      0x18c zephyr/subsys/bluetooth/host/libsubsys__bluetooth__host.a(smp.c.obj)
                0x000000000001ded8                bt_smp_start_security
 .text.smp_pairing_complete
                0x000000000001e064      0x108 zephyr/subsys/bluetooth/host/libsubsys__bluetooth__host.a(smp.c.obj)
 .text.smp_error
                0x000000000001e16c       0xcc zephyr/subsys/bluetooth/host/libsubsys__bluetooth__host.a(smp.c.obj)
 .text.bt_smp_recv
                0x000000000001e238      0x154 zephyr/subsys/bluetooth/host/libsubsys__bluetooth__host.a(smp.c.obj)
 .text.bt_smp_pkey_ready
                0x000000000001e38c       0x48 zephyr/subsys/bluetooth/host/libsubsys__bluetooth__host.a(smp.c.obj)
 .text.smp_signing_info
                0x000000000001e3d4       0x9c zephyr/subsys/bluetooth/host/libsubsys__bluetooth__host.a(smp.c.obj)
 .text.smp_ident_addr_info
                0x000000000001e470      0x1d8 zephyr/subsys/bluetooth/host/libsubsys__bluetooth__host.a(smp.c.obj)
 .text.smp_central_ident
                0x000000000001e648       0xbc zephyr/subsys/bluetooth/host/libsubsys__bluetooth__host.a(smp.c.obj)
 .text.smp_pairing_failed
                0x000000000001e704       0x80 zephyr/subsys/bluetooth/host/libsubsys__bluetooth__host.a(smp.c.obj)
 .text.bt_smp_encrypt_change
                0x000000000001e784      0x370 zephyr/subsys/bluetooth/host/libsubsys__bluetooth__host.a(smp.c.obj)
 .text.smp_timeout
                0x000000000001eaf4       0x4c zephyr/subsys/bluetooth/host/libsubsys__bluetooth__host.a(smp.c.obj)
 .text.bt_smp_update_keys
                0x000000000001eb40      0x148 zephyr/subsys/bluetooth/host/libsubsys__bluetooth__host.a(smp.c.obj)
                0x000000000001eb40                bt_smp_update_keys
 .text.bt_smp_init
                0x000000000001ec88       0x2c zephyr/subsys/bluetooth/host/libsubsys__bluetooth__host.a(smp.c.obj)
                0x000000000001ec88                bt_smp_init
 .text.bt_keys_get_addr
                0x000000000001ecb4       0x9c zephyr/subsys/bluetooth/host/libsubsys__bluetooth__host.a(keys.c.obj)
                0x000000000001ecb4                bt_keys_get_addr
 .text.bt_foreach_bond
                0x000000000001ed50       0x3c zephyr/subsys/bluetooth/host/libsubsys__bluetooth__host.a(keys.c.obj)
                0x000000000001ed50                bt_foreach_bond
 .text.bt_keys_foreach_type
                0x000000000001ed8c       0x1c zephyr/subsys/bluetooth/host/libsubsys__bluetooth__host.a(keys.c.obj)
                0x000000000001ed8c                bt_keys_foreach_type
 .text.keys_commit
                0x000000000001eda8       0x14 zephyr/subsys/bluetooth/host/libsubsys__bluetooth__host.a(keys.c.obj)
 .text.bt_keys_find
                0x000000000001edbc       0x44 zephyr/subsys/bluetooth/host/libsubsys__bluetooth__host.a(keys.c.obj)
                0x000000000001edbc                bt_keys_find
 .text.bt_keys_find_irk
                0x000000000001ee00       0x88 zephyr/subsys/bluetooth/host/libsubsys__bluetooth__host.a(keys.c.obj)
                0x000000000001ee00                bt_keys_find_irk
 .text.bt_keys_find_addr
                0x000000000001ee88       0x20 zephyr/subsys/bluetooth/host/libsubsys__bluetooth__host.a(keys.c.obj)
                0x000000000001ee88                bt_keys_find_addr
 .text.find_key_in_use
                0x000000000001eea8       0x34 zephyr/subsys/bluetooth/host/libsubsys__bluetooth__host.a(keys.c.obj)
 .text.bt_keys_clear
                0x000000000001eedc       0x50 zephyr/subsys/bluetooth/host/libsubsys__bluetooth__host.a(keys.c.obj)
                0x000000000001eedc                bt_keys_clear
 .text.keys_set
                0x000000000001ef2c      0x218 zephyr/subsys/bluetooth/host/libsubsys__bluetooth__host.a(keys.c.obj)
 .text.bt_keys_store
                0x000000000001f144       0x78 zephyr/subsys/bluetooth/host/libsubsys__bluetooth__host.a(keys.c.obj)
                0x000000000001f144                bt_keys_store
 .text.bt_keys_update_usage
                0x000000000001f1bc       0x28 zephyr/subsys/bluetooth/host/libsubsys__bluetooth__host.a(keys.c.obj)
                0x000000000001f1bc                bt_keys_update_usage
 .text.bt_crypto_f5
                0x000000000001f1e4       0xd0 zephyr/subsys/bluetooth/crypto/libsubsys__bluetooth__crypto.a(bt_crypto.c.obj)
                0x000000000001f1e4                bt_crypto_f5
 .text.bt_crypto_g2
                0x000000000001f2b4       0x68 zephyr/subsys/bluetooth/crypto/libsubsys__bluetooth__crypto.a(bt_crypto.c.obj)
                0x000000000001f2b4                bt_crypto_g2
 .text.mem_init
                0x000000000001f31c       0x60 zephyr/subsys/bluetooth/controller/libsubsys__bluetooth__controller.a(mem.c.obj)
                0x000000000001f31c                mem_init
 .text.mem_acquire
                0x000000000001f37c       0x38 zephyr/subsys/bluetooth/controller/libsubsys__bluetooth__controller.a(mem.c.obj)
                0x000000000001f37c                mem_acquire
 .text.mem_release
                0x000000000001f3b4       0x30 zephyr/subsys/bluetooth/controller/libsubsys__bluetooth__controller.a(mem.c.obj)
                0x000000000001f3b4                mem_release
 .text.mem_get  0x000000000001f3e4        0x8 zephyr/subsys/bluetooth/controller/libsubsys__bluetooth__controller.a(mem.c.obj)
                0x000000000001f3e4                mem_get
 .text.mem_index_get
                0x000000000001f3ec        0xc zephyr/subsys/bluetooth/controller/libsubsys__bluetooth__controller.a(mem.c.obj)
                0x000000000001f3ec                mem_index_get
 .text.mem_rcopy
                0x000000000001f3f8       0x1c zephyr/subsys/bluetooth/controller/libsubsys__bluetooth__controller.a(mem.c.obj)
                0x000000000001f3f8                mem_rcopy
 .text.mem_nz   0x000000000001f414       0x18 zephyr/subsys/bluetooth/controller/libsubsys__bluetooth__controller.a(mem.c.obj)
                0x000000000001f414                mem_nz
 .text.memq_init
                0x000000000001f42c        0x8 zephyr/subsys/bluetooth/controller/libsubsys__bluetooth__controller.a(memq.c.obj)
                0x000000000001f42c                memq_init
 .text.memq_deinit
                0x000000000001f434       0x14 zephyr/subsys/bluetooth/controller/libsubsys__bluetooth__controller.a(memq.c.obj)
                0x000000000001f434                memq_deinit
 .text.memq_enqueue
                0x000000000001f448       0x14 zephyr/subsys/bluetooth/controller/libsubsys__bluetooth__controller.a(memq.c.obj)
                0x000000000001f448                memq_enqueue
 .text.memq_peek
                0x000000000001f45c       0x10 zephyr/subsys/bluetooth/controller/libsubsys__bluetooth__controller.a(memq.c.obj)
                0x000000000001f45c                memq_peek
 .text.memq_dequeue
                0x000000000001f46c       0x20 zephyr/subsys/bluetooth/controller/libsubsys__bluetooth__controller.a(memq.c.obj)
                0x000000000001f46c                memq_dequeue
 .text.mayfly_init
                0x000000000001f48c       0x40 zephyr/subsys/bluetooth/controller/libsubsys__bluetooth__controller.a(mayfly.c.obj)
                0x000000000001f48c                mayfly_init
 .text.mayfly_enable
                0x000000000001f4cc       0x68 zephyr/subsys/bluetooth/controller/libsubsys__bluetooth__controller.a(mayfly.c.obj)
                0x000000000001f4cc                mayfly_enable
 .text.mayfly_enqueue
                0x000000000001f534       0xbc zephyr/subsys/bluetooth/controller/libsubsys__bluetooth__controller.a(mayfly.c.obj)
                0x000000000001f534                mayfly_enqueue
 .text.mayfly_run
                0x000000000001f5f0      0x150 zephyr/subsys/bluetooth/controller/libsubsys__bluetooth__controller.a(mayfly.c.obj)
                0x000000000001f5f0                mayfly_run
 .text.util_ones_count_get
                0x000000000001f740       0x28 zephyr/subsys/bluetooth/controller/libsubsys__bluetooth__controller.a(util.c.obj)
                0x000000000001f740                util_ones_count_get
 .text.ticker_dequeue
                0x000000000001f768       0x74 zephyr/subsys/bluetooth/controller/libsubsys__bluetooth__controller.a(ticker.c.obj)
 .text.ticks_to_expire_prep
                0x000000000001f7dc       0x48 zephyr/subsys/bluetooth/controller/libsubsys__bluetooth__controller.a(ticker.c.obj)
 .text.ticker_job_list_insert
                0x000000000001f824      0x1f0 zephyr/subsys/bluetooth/controller/libsubsys__bluetooth__controller.a(ticker.c.obj)
 .text.ticker_worker
                0x000000000001fa14      0x22c zephyr/subsys/bluetooth/controller/libsubsys__bluetooth__controller.a(ticker.c.obj)
                0x000000000001fa14                ticker_worker
 .text.ticker_job
                0x000000000001fc40      0x83c zephyr/subsys/bluetooth/controller/libsubsys__bluetooth__controller.a(ticker.c.obj)
                0x000000000001fc40                ticker_job
 .text.ticker_init
                0x000000000002047c       0x64 zephyr/subsys/bluetooth/controller/libsubsys__bluetooth__controller.a(ticker.c.obj)
                0x000000000002047c                ticker_init
 .text.ticker_is_initialized
                0x00000000000204e0       0x18 zephyr/subsys/bluetooth/controller/libsubsys__bluetooth__controller.a(ticker.c.obj)
                0x00000000000204e0                ticker_is_initialized
 .text.ticker_trigger
                0x00000000000204f8       0x30 zephyr/subsys/bluetooth/controller/libsubsys__bluetooth__controller.a(ticker.c.obj)
                0x00000000000204f8                ticker_trigger
 .text.ticker_start_ext
                0x0000000000020528       0xac zephyr/subsys/bluetooth/controller/libsubsys__bluetooth__controller.a(ticker.c.obj)
                0x0000000000020528                ticker_start_ext
 .text.ticker_start
                0x00000000000205d4       0x38 zephyr/subsys/bluetooth/controller/libsubsys__bluetooth__controller.a(ticker.c.obj)
                0x00000000000205d4                ticker_start
 .text.ticker_update_ext
                0x000000000002060c       0xac zephyr/subsys/bluetooth/controller/libsubsys__bluetooth__controller.a(ticker.c.obj)
                0x000000000002060c                ticker_update_ext
 .text.ticker_update
                0x00000000000206b8       0x30 zephyr/subsys/bluetooth/controller/libsubsys__bluetooth__controller.a(ticker.c.obj)
                0x00000000000206b8                ticker_update
 .text.ticker_stop
                0x00000000000206e8       0x84 zephyr/subsys/bluetooth/controller/libsubsys__bluetooth__controller.a(ticker.c.obj)
                0x00000000000206e8                ticker_stop
 .text.ticker_stop_abs
                0x000000000002076c       0x88 zephyr/subsys/bluetooth/controller/libsubsys__bluetooth__controller.a(ticker.c.obj)
                0x000000000002076c                ticker_stop_abs
 .text.ticker_ticks_now_get
                0x00000000000207f4        0x4 zephyr/subsys/bluetooth/controller/libsubsys__bluetooth__controller.a(ticker.c.obj)
                0x00000000000207f4                ticker_ticks_now_get
 .text.ticker_ticks_diff_get
                0x00000000000207f8        0x8 zephyr/subsys/bluetooth/controller/libsubsys__bluetooth__controller.a(ticker.c.obj)
                0x00000000000207f8                ticker_ticks_diff_get
 .text.ll_addr_set
                0x0000000000020800       0x48 zephyr/subsys/bluetooth/controller/libsubsys__bluetooth__controller.a(ll_addr.c.obj)
                0x0000000000020800                ll_addr_set
 .text.ll_addr_get
                0x0000000000020848       0x20 zephyr/subsys/bluetooth/controller/libsubsys__bluetooth__controller.a(ll_addr.c.obj)
                0x0000000000020848                ll_addr_get
 .text.ll_addr_read
                0x0000000000020868       0x30 zephyr/subsys/bluetooth/controller/libsubsys__bluetooth__controller.a(ll_addr.c.obj)
                0x0000000000020868                ll_addr_read
 .text.ll_tx_pwr_lvl_get
                0x0000000000020898       0x20 zephyr/subsys/bluetooth/controller/libsubsys__bluetooth__controller.a(ll_tx_pwr.c.obj)
                0x0000000000020898                ll_tx_pwr_lvl_get
 .text.ll_tx_pwr_get
                0x00000000000208b8        0x8 zephyr/subsys/bluetooth/controller/libsubsys__bluetooth__controller.a(ll_tx_pwr.c.obj)
                0x00000000000208b8                ll_tx_pwr_get
 .text.hci_driver_init
                0x00000000000208c0       0x10 zephyr/subsys/bluetooth/controller/libsubsys__bluetooth__controller.a(hci_driver.c.obj)
 .text.hci_driver_send
                0x00000000000208d0       0xd0 zephyr/subsys/bluetooth/controller/libsubsys__bluetooth__controller.a(hci_driver.c.obj)
 .text.hci_driver_close
                0x00000000000209a0       0x20 zephyr/subsys/bluetooth/controller/libsubsys__bluetooth__controller.a(hci_driver.c.obj)
 .text.recv_thread
                0x00000000000209c0      0x120 zephyr/subsys/bluetooth/controller/libsubsys__bluetooth__controller.a(hci_driver.c.obj)
 .text.prio_recv_thread
                0x0000000000020ae0       0xc8 zephyr/subsys/bluetooth/controller/libsubsys__bluetooth__controller.a(hci_driver.c.obj)
 .text.hci_driver_open
                0x0000000000020ba8       0xf0 zephyr/subsys/bluetooth/controller/libsubsys__bluetooth__controller.a(hci_driver.c.obj)
 .text.hci_recv_fifo_reset
                0x0000000000020c98       0x20 zephyr/subsys/bluetooth/controller/libsubsys__bluetooth__controller.a(hci_driver.c.obj)
                0x0000000000020c98                hci_recv_fifo_reset
 .text.le_remote_feat_complete
                0x0000000000020cb8       0x6c zephyr/subsys/bluetooth/controller/libsubsys__bluetooth__controller.a(hci.c.obj)
 .text.hci_vendor_cmd_handle_common
                0x0000000000020d24      0x194 zephyr/subsys/bluetooth/controller/libsubsys__bluetooth__controller.a(hci.c.obj)
                0x0000000000020d24                hci_vendor_cmd_handle_common
 .text.hci_cmd_handle
                0x0000000000020eb8      0x964 zephyr/subsys/bluetooth/controller/libsubsys__bluetooth__controller.a(hci.c.obj)
                0x0000000000020eb8                hci_cmd_handle
 .text.hci_acl_handle
                0x000000000002181c      0x168 zephyr/subsys/bluetooth/controller/libsubsys__bluetooth__controller.a(hci.c.obj)
                0x000000000002181c                hci_acl_handle
 .text.hci_disconn_complete_encode
                0x0000000000021984       0x40 zephyr/subsys/bluetooth/controller/libsubsys__bluetooth__controller.a(hci.c.obj)
                0x0000000000021984                hci_disconn_complete_encode
 .text.hci_disconn_complete_process
                0x00000000000219c4       0x10 zephyr/subsys/bluetooth/controller/libsubsys__bluetooth__controller.a(hci.c.obj)
                0x00000000000219c4                hci_disconn_complete_process
 .text.hci_acl_encode
                0x00000000000219d4       0x74 zephyr/subsys/bluetooth/controller/libsubsys__bluetooth__controller.a(hci.c.obj)
                0x00000000000219d4                hci_acl_encode
 .text.hci_evt_encode
                0x0000000000021a48      0x674 zephyr/subsys/bluetooth/controller/libsubsys__bluetooth__controller.a(hci.c.obj)
                0x0000000000021a48                hci_evt_encode
 .text.hci_num_cmplt_encode
                0x00000000000220bc       0x30 zephyr/subsys/bluetooth/controller/libsubsys__bluetooth__controller.a(hci.c.obj)
                0x00000000000220bc                hci_num_cmplt_encode
 .text.hci_get_class
                0x00000000000220ec       0x2c zephyr/subsys/bluetooth/controller/libsubsys__bluetooth__controller.a(hci.c.obj)
                0x00000000000220ec                hci_get_class
 .text.hci_init
                0x0000000000022118       0x40 zephyr/subsys/bluetooth/controller/libsubsys__bluetooth__controller.a(hci.c.obj)
                0x0000000000022118                hci_init
 .text.bt_rand  0x0000000000022158        0x4 zephyr/subsys/bluetooth/controller/libsubsys__bluetooth__controller.a(crypto.c.obj)
                0x0000000000022158                bt_rand
 .text.bt_encrypt_le
                0x000000000002215c        0xc zephyr/subsys/bluetooth/controller/libsubsys__bluetooth__controller.a(crypto.c.obj)
                0x000000000002215c                bt_encrypt_le
 .text.ll_feat_get
                0x0000000000022168        0xc zephyr/subsys/bluetooth/controller/libsubsys__bluetooth__controller.a(ll_feat.c.obj)
                0x0000000000022168                ll_feat_get
 .text.perform_lll_reset
                0x0000000000022174       0x94 zephyr/subsys/bluetooth/controller/libsubsys__bluetooth__controller.a(ull.c.obj)
 .text.ull_ticker_status_give
                0x0000000000022208        0xc zephyr/subsys/bluetooth/controller/libsubsys__bluetooth__controller.a(ull.c.obj)
                0x0000000000022208                ull_ticker_status_give
 .text.disabled_cb
                0x0000000000022214        0x4 zephyr/subsys/bluetooth/controller/libsubsys__bluetooth__controller.a(ull.c.obj)
 .text.tx_cmplt_get
                0x0000000000022218       0xb4 zephyr/subsys/bluetooth/controller/libsubsys__bluetooth__controller.a(ull.c.obj)
 .text.rx_replenish
                0x00000000000222cc      0x110 zephyr/subsys/bluetooth/controller/libsubsys__bluetooth__controller.a(ull.c.obj)
 .text.ull_done
                0x00000000000223dc      0x114 zephyr/subsys/bluetooth/controller/libsubsys__bluetooth__controller.a(ull.c.obj)
 .text.rx_demux
                0x00000000000224f0      0x1d4 zephyr/subsys/bluetooth/controller/libsubsys__bluetooth__controller.a(ull.c.obj)
 .text.ll_rx_get
                0x00000000000226c4       0xf4 zephyr/subsys/bluetooth/controller/libsubsys__bluetooth__controller.a(ull.c.obj)
                0x00000000000226c4                ll_rx_get
 .text.ll_rx_dequeue
                0x00000000000227b8      0x1a0 zephyr/subsys/bluetooth/controller/libsubsys__bluetooth__controller.a(ull.c.obj)
                0x00000000000227b8                ll_rx_dequeue
 .text.ll_rx_mem_release
                0x0000000000022958      0x190 zephyr/subsys/bluetooth/controller/libsubsys__bluetooth__controller.a(ull.c.obj)
                0x0000000000022958                ll_rx_mem_release
 .text.ll_rx_link_alloc
                0x0000000000022ae8        0xc zephyr/subsys/bluetooth/controller/libsubsys__bluetooth__controller.a(ull.c.obj)
                0x0000000000022ae8                ll_rx_link_alloc
 .text.ll_rx_link_release
                0x0000000000022af4        0xc zephyr/subsys/bluetooth/controller/libsubsys__bluetooth__controller.a(ull.c.obj)
                0x0000000000022af4                ll_rx_link_release
 .text.ll_rx_alloc
                0x0000000000022b00        0xc zephyr/subsys/bluetooth/controller/libsubsys__bluetooth__controller.a(ull.c.obj)
                0x0000000000022b00                ll_rx_alloc
 .text.ll_rx_release
                0x0000000000022b0c        0xc zephyr/subsys/bluetooth/controller/libsubsys__bluetooth__controller.a(ull.c.obj)
                0x0000000000022b0c                ll_rx_release
 .text.ll_rx_put
                0x0000000000022b18       0x14 zephyr/subsys/bluetooth/controller/libsubsys__bluetooth__controller.a(ull.c.obj)
                0x0000000000022b18                ll_rx_put
 .text.ll_rx_put_sched
                0x0000000000022b2c       0x28 zephyr/subsys/bluetooth/controller/libsubsys__bluetooth__controller.a(ull.c.obj)
                0x0000000000022b2c                ll_rx_put_sched
 .text.ll_pdu_rx_alloc_peek
                0x0000000000022b54       0x44 zephyr/subsys/bluetooth/controller/libsubsys__bluetooth__controller.a(ull.c.obj)
                0x0000000000022b54                ll_pdu_rx_alloc_peek
 .text.ll_pdu_rx_alloc
                0x0000000000022b98       0x2c zephyr/subsys/bluetooth/controller/libsubsys__bluetooth__controller.a(ull.c.obj)
                0x0000000000022b98                ll_pdu_rx_alloc
 .text.ll_tx_ack_put
                0x0000000000022bc4       0x64 zephyr/subsys/bluetooth/controller/libsubsys__bluetooth__controller.a(ull.c.obj)
                0x0000000000022bc4                ll_tx_ack_put
 .text.ll_timeslice_ticker_id_get
                0x0000000000022c28        0xc zephyr/subsys/bluetooth/controller/libsubsys__bluetooth__controller.a(ull.c.obj)
                0x0000000000022c28                ll_timeslice_ticker_id_get
 .text.ll_radio_state_abort
                0x0000000000022c34       0x40 zephyr/subsys/bluetooth/controller/libsubsys__bluetooth__controller.a(ull.c.obj)
                0x0000000000022c34                ll_radio_state_abort
 .text.ull_ticker_status_take
                0x0000000000022c74       0x50 zephyr/subsys/bluetooth/controller/libsubsys__bluetooth__controller.a(ull.c.obj)
                0x0000000000022c74                ull_ticker_status_take
 .text.ull_disable_mark
                0x0000000000022cc4       0x18 zephyr/subsys/bluetooth/controller/libsubsys__bluetooth__controller.a(ull.c.obj)
                0x0000000000022cc4                ull_disable_mark
 .text.ull_disable_unmark
                0x0000000000022cdc       0x18 zephyr/subsys/bluetooth/controller/libsubsys__bluetooth__controller.a(ull.c.obj)
                0x0000000000022cdc                ull_disable_unmark
 .text.ull_disable_mark_get
                0x0000000000022cf4        0xc zephyr/subsys/bluetooth/controller/libsubsys__bluetooth__controller.a(ull.c.obj)
                0x0000000000022cf4                ull_disable_mark_get
 .text.ull_update_mark
                0x0000000000022d00       0x18 zephyr/subsys/bluetooth/controller/libsubsys__bluetooth__controller.a(ull.c.obj)
                0x0000000000022d00                ull_update_mark
 .text.ull_update_unmark
                0x0000000000022d18       0x18 zephyr/subsys/bluetooth/controller/libsubsys__bluetooth__controller.a(ull.c.obj)
                0x0000000000022d18                ull_update_unmark
 .text.ull_update_mark_get
                0x0000000000022d30        0xc zephyr/subsys/bluetooth/controller/libsubsys__bluetooth__controller.a(ull.c.obj)
                0x0000000000022d30                ull_update_mark_get
 .text.ull_disable
                0x0000000000022d3c       0x7c zephyr/subsys/bluetooth/controller/libsubsys__bluetooth__controller.a(ull.c.obj)
                0x0000000000022d3c                ull_disable
 .text.ull_ticker_stop_with_mark
                0x0000000000022db8       0x84 zephyr/subsys/bluetooth/controller/libsubsys__bluetooth__controller.a(ull.c.obj)
                0x0000000000022db8                ull_ticker_stop_with_mark
 .text.ull_pdu_rx_alloc_peek
                0x0000000000022e3c       0x44 zephyr/subsys/bluetooth/controller/libsubsys__bluetooth__controller.a(ull.c.obj)
                0x0000000000022e3c                ull_pdu_rx_alloc_peek
 .text.ull_pdu_rx_alloc
                0x0000000000022e80       0x2c zephyr/subsys/bluetooth/controller/libsubsys__bluetooth__controller.a(ull.c.obj)
                0x0000000000022e80                ull_pdu_rx_alloc
 .text.ull_rx_put
                0x0000000000022eac       0x20 zephyr/subsys/bluetooth/controller/libsubsys__bluetooth__controller.a(ull.c.obj)
                0x0000000000022eac                ull_rx_put
 .text.ull_rx_sched
                0x0000000000022ecc       0x10 zephyr/subsys/bluetooth/controller/libsubsys__bluetooth__controller.a(ull.c.obj)
                0x0000000000022ecc                ull_rx_sched
 .text.ull_rx_put_sched
                0x0000000000022edc       0x30 zephyr/subsys/bluetooth/controller/libsubsys__bluetooth__controller.a(ull.c.obj)
                0x0000000000022edc                ull_rx_put_sched
 .text.ull_prepare_enqueue
                0x0000000000022f0c       0x64 zephyr/subsys/bluetooth/controller/libsubsys__bluetooth__controller.a(ull.c.obj)
                0x0000000000022f0c                ull_prepare_enqueue
 .text.ull_prepare_dequeue_get
                0x0000000000022f70       0x1c zephyr/subsys/bluetooth/controller/libsubsys__bluetooth__controller.a(ull.c.obj)
                0x0000000000022f70                ull_prepare_dequeue_get
 .text.ull_prepare_dequeue_iter
                0x0000000000022f8c       0x40 zephyr/subsys/bluetooth/controller/libsubsys__bluetooth__controller.a(ull.c.obj)
                0x0000000000022f8c                ull_prepare_dequeue_iter
 .text.ull_prepare_dequeue
                0x0000000000022fcc       0xc8 zephyr/subsys/bluetooth/controller/libsubsys__bluetooth__controller.a(ull.c.obj)
                0x0000000000022fcc                ull_prepare_dequeue
 .text.ull_event_done_extra_get
                0x0000000000023094       0x20 zephyr/subsys/bluetooth/controller/libsubsys__bluetooth__controller.a(ull.c.obj)
                0x0000000000023094                ull_event_done_extra_get
 .text.ull_event_done
                0x00000000000230b4       0x5c zephyr/subsys/bluetooth/controller/libsubsys__bluetooth__controller.a(ull.c.obj)
                0x00000000000230b4                ull_event_done
 .text.ull_rxfifo_alloc
                0x0000000000023110       0x88 zephyr/subsys/bluetooth/controller/libsubsys__bluetooth__controller.a(ull.c.obj)
                0x0000000000023110                ull_rxfifo_alloc
 .text.init_reset
                0x0000000000023198      0x130 zephyr/subsys/bluetooth/controller/libsubsys__bluetooth__controller.a(ull.c.obj)
 .text.ll_init  0x00000000000232c8       0xf4 zephyr/subsys/bluetooth/controller/libsubsys__bluetooth__controller.a(ull.c.obj)
                0x00000000000232c8                ll_init
 .text.ll_reset
                0x00000000000233bc      0x12c zephyr/subsys/bluetooth/controller/libsubsys__bluetooth__controller.a(ull.c.obj)
                0x00000000000233bc                ll_reset
 .text.ll_deinit
                0x00000000000234e8       0x10 zephyr/subsys/bluetooth/controller/libsubsys__bluetooth__controller.a(ull.c.obj)
                0x00000000000234e8                ll_deinit
 .text.lll_prepare
                0x00000000000234f8       0x14 zephyr/subsys/bluetooth/controller/libsubsys__bluetooth__controller.a(lll_common.c.obj)
                0x00000000000234f8                lll_prepare
 .text.lll_resume
                0x000000000002350c       0x4c zephyr/subsys/bluetooth/controller/libsubsys__bluetooth__controller.a(lll_common.c.obj)
                0x000000000002350c                lll_resume
 .text.ticker_stop_cb